<html>
<body>
<pre>
<h1>礦ision Build Log</h1>
<h2>Tool Versions:</h2>
IDE-Version: μVision V5.23.0.0
Copyright (C) 2017 ARM Ltd and ARM Germany GmbH. All rights reserved.
License Information: d dell, ali, LIC=W96FW-QYLMD-9Z7WW-QM7YB-I7FGD-DVRKI
 
Tool Versions:
Toolchain:       MDK-ARM Professional  Version: 5.23
Toolchain Path:  D:\Keil_v5MDK\ARM\ARMCC\Bin
C Compiler:      Armcc.exe V5.06 update 4 (build 422)
Assembler:       Armasm.exe V5.06 update 4 (build 422)
Linker/Locator:  ArmLink.exe V5.06 update 4 (build 422)
Library Manager: ArmAr.exe V5.06 update 4 (build 422)
Hex Converter:   FromElf.exe V5.06 update 4 (build 422)
CPU DLL:         SARMCM3.DLL V5.23
Dialog DLL:      DCM.DLL V1.15.0.0
Target DLL:      Segger\JL2CM3.dll V2.99.23.0
Dialog DLL:      TCM.DLL V1.27.0.0
 
<h2>Project:</h2>
E:\LPC546程序\小车摄像头\LPC546XX.uvprojx
Project File Date:  11/21/2019

<h2>Output:</h2>
*** Using Compiler 'V5.06 update 4 (build 422)', folder: 'D:\Keil_v5MDK\ARM\ARMCC\Bin'
Build target 'SeekFree_LPC546XX'
compiling SelfBuild_control.c...
compiling isr.c...
compiling SelfBuild_mpu6050.c...
compiling main.c...
compiling inv_mpu.c...
compiling LPC546XX_adc.c...
compiling SelfBuild_myiic.c...
compiling SelfBuild_PID.c...
compiling SelfBuild_correct_sensor.c...
compiling SelfBuild_mcp41.c...
compiling SelfBuild_Electron_Calcu.c...
compiling VCAN_computer.c...
compiling SelfBuild_OLEDMenu.c...
compiling ImageProcess.c...
linking...
Program Size: Code=32996 RO-data=7756 RW-data=612 ZI-data=59684  
".\Objects\LPC546XX.axf" - 0 Error(s), 0 Warning(s).

<h2>Collection of Component include folders:</h2>
  .\RTE\_SeekFree_LPC546XX
  D:\Keil_v5MDK\ARM\PACK\NXP\LPC54606_DFP\12.0.0

<h2>Collection of Component Files used:</h2>
Build Time Elapsed:  00:00:15
</pre>
</body>
</html>
