Component: ARM Compiler 5.06 update 4 (build 422) Tool: armlink [4d35d2]

==============================================================================

Section Cross References

    startup_lpc54606.o(STACK) refers (Special) to heapauxi.o(.text) for __use_two_region_memory
    startup_lpc54606.o(HEAP) refers (Special) to heapauxi.o(.text) for __use_two_region_memory
    startup_lpc54606.o(RESET) refers (Special) to heapauxi.o(.text) for __use_two_region_memory
    startup_lpc54606.o(RESET) refers to startup_lpc54606.o(STACK) for __initial_sp
    startup_lpc54606.o(RESET) refers to startup_lpc54606.o(.text) for Reset_Handler
    startup_lpc54606.o(RESET) refers to system_lpc54606.o(i.NMI_Handler) for NMI_Handler
    startup_lpc54606.o(RESET) refers to system_lpc54606.o(i.HardFault_Handler) for HardFault_Handler
    startup_lpc54606.o(.text) refers (Special) to heapauxi.o(.text) for __use_two_region_memory
    startup_lpc54606.o(.text) refers to system_lpc54606.o(i.SystemInit) for SystemInit
    startup_lpc54606.o(.text) refers to __main.o(!!!main) for __main
    startup_lpc54606.o(.text) refers to isr.o(i.DMA0_DriverIRQHandler) for DMA0_DriverIRQHandler
    startup_lpc54606.o(.text) refers to isr.o(i.MRT0_DriverIRQHandler) for MRT0_DriverIRQHandler
    startup_lpc54606.o(.text) refers to lpc546xx_ctimer.o(i.CTIMER1_DriverIRQHandler) for CTIMER1_DriverIRQHandler
    startup_lpc54606.o(.text) refers to lpc546xx_ctimer.o(i.CTIMER3_DriverIRQHandler) for CTIMER3_DriverIRQHandler
    startup_lpc54606.o(.text) refers to isr.o(i.FLEXCOMM5_DriverIRQHandler) for FLEXCOMM5_DriverIRQHandler
    startup_lpc54606.o(.text) refers to isr.o(i.PIN_INT7_DriverIRQHandler) for PIN_INT7_DriverIRQHandler
    startup_lpc54606.o(.text) refers to lpc546xx_ctimer.o(i.CTIMER2_DriverIRQHandler) for CTIMER2_DriverIRQHandler
    startup_lpc54606.o(.text) refers to lpc546xx_ctimer.o(i.CTIMER4_DriverIRQHandler) for CTIMER4_DriverIRQHandler
    startup_lpc54606.o(.text) refers to lpc546xx_adc.o(i.RIT_DriverIRQHandler) for RIT_DriverIRQHandler
    startup_lpc54606.o(.text) refers to startup_lpc54606.o(HEAP) for Heap_Mem
    startup_lpc54606.o(.text) refers to startup_lpc54606.o(STACK) for Stack_Mem
    system_lpc54606.o(i.SystemInit) refers to lpc546xx_pll.o(i.pll_init) for pll_init
    system_lpc54606.o(i.SystemInit) refers to startup_lpc54606.o(RESET) for __Vectors
    lpc546xx_adc.o(i.Data_Filter_ForADC) refers to llsdiv.o(.text) for __aeabi_ldivmod
    lpc546xx_adc.o(i.Data_Filter_ForADC) refers to ffltll_clz.o(x$fpl$ffltll) for __aeabi_l2f
    lpc546xx_adc.o(i.FFT) refers to dflt_clz.o(x$fpl$dflt) for __aeabi_i2d
    lpc546xx_adc.o(i.FFT) refers to ddiv.o(x$fpl$ddiv) for __aeabi_ddiv
    lpc546xx_adc.o(i.FFT) refers to dfix.o(x$fpl$dfix) for __aeabi_d2iz
    lpc546xx_adc.o(i.FFT) refers to sqrt.o(i.__hardfp_sqrt) for __hardfp_sqrt
    lpc546xx_adc.o(i.FFT) refers to d2f.o(x$fpl$d2f) for __aeabi_d2f
    lpc546xx_adc.o(i.FFT) refers to lpc546xx_adc.o(.data) for cos_sin_search
    lpc546xx_adc.o(i.RIT_DriverIRQHandler) refers to lpc546xx_adc.o(i.adc_get_once) for adc_get_once
    lpc546xx_adc.o(i.RIT_DriverIRQHandler) refers to lpc546xx_adc.o(.data) for FFT_ADCbit
    lpc546xx_adc.o(i.RIT_DriverIRQHandler) refers to lpc546xx_adc.o(.bss) for adc_data_buff
    lpc546xx_adc.o(i.adc_catch_once_FFT) refers to lpc546xx_pit.o(i.pit_init) for pit_init
    lpc546xx_adc.o(i.adc_catch_once_FFT) refers to lpc546xx_adc.o(i.FFT) for FFT
    lpc546xx_adc.o(i.adc_catch_once_FFT) refers to rt_memclr_w.o(.text) for __aeabi_memclr4
    lpc546xx_adc.o(i.adc_catch_once_FFT) refers to lpc546xx_adc.o(.data) for FFT_ADCadcn_ch
    lpc546xx_adc.o(i.adc_catch_once_FFT) refers to lpc546xx_pll.o(.data) for main_clk_mhz
    lpc546xx_adc.o(i.adc_catch_once_FFT) refers to lpc546xx_adc.o(.bss) for adc_data_buff
    lpc546xx_adc.o(i.adc_init) refers to lpc546xx_systick.o(i.systick_delay) for systick_delay
    lpc546xx_adc.o(i.adc_init) refers to lpc546xx_adc.o(i.adc_mux) for adc_mux
    lpc546xx_adc.o(i.adc_init) refers to lpc546xx_pll.o(.data) for main_clk_mhz
    lpc546xx_adc.o(i.adc_mux) refers to lpc546xx_iocon.o(i.iocon_init) for iocon_init
    lpc546xx_adc.o(i.adc_once) refers to lpc546xx_adc.o(i.adc_catch_once_FFT) for adc_catch_once_FFT
    lpc546xx_adc.o(i.adc_once) refers to lpc546xx_adc.o(i.Data_Filter_ForADC) for Data_Filter_ForADC
    lpc546xx_adc.o(i.adc_once) refers to lpc546xx_adc.o(.bss) for ADC_Process
    lpc546xx_ctimer.o(i.capture_SetInput_cfg) refers to lpc546xx_ctimer.o(.data) for TIMERN
    lpc546xx_ctimer.o(i.capture_disable_irq) refers to lpc546xx_ctimer.o(i.NVIC_DisableIRQ) for NVIC_DisableIRQ
    lpc546xx_ctimer.o(i.capture_enable_irq) refers to lpc546xx_ctimer.o(i.NVIC_EnableIRQ) for NVIC_EnableIRQ
    lpc546xx_ctimer.o(i.ctimer_capture_init) refers to lpc546xx_ctimer.o(i.ctimer_clock) for ctimer_clock
[...]
    .constdata                               0x0000836c   Section       40  lpc546xx_ctimer.o(.constdata)
    .constdata                               0x00008394   Section       40  lpc546xx_sct.o(.constdata)
    .constdata                               0x000083bc   Section     7048  seekfree_font.o(.constdata)
    .constdata                               0x00009f44   Section       17  __printf_flags_wp.o(.constdata)
    maptable                                 0x00009f44   Data          17  __printf_flags_wp.o(.constdata)
    .constdata                               0x00009f58   Section      136  pow.o(.constdata)
    bp                                       0x00009f58   Data          16  pow.o(.constdata)
    dp_h                                     0x00009f68   Data          16  pow.o(.constdata)
    dp_l                                     0x00009f78   Data          16  pow.o(.constdata)
    L                                        0x00009f88   Data          48  pow.o(.constdata)
    P                                        0x00009fb8   Data          40  pow.o(.constdata)
    .constdata                               0x00009fe0   Section        8  qnan.o(.constdata)
    .constdata                               0x00009fe8   Section      148  bigflt0.o(.constdata)
    tenpwrs_x                                0x00009fe8   Data          60  bigflt0.o(.constdata)
    tenpwrs_i                                0x0000a024   Data          64  bigflt0.o(.constdata)
    locale$$data                             0x0000a09c   Section       28  lc_numeric_c.o(locale$$data)
    __lcnum_c_name                           0x0000a0a0   Data           2  lc_numeric_c.o(locale$$data)
    __lcnum_c_start                          0x0000a0a8   Data           0  lc_numeric_c.o(locale$$data)
    __lcnum_c_point                          0x0000a0b4   Data           0  lc_numeric_c.o(locale$$data)
    __lcnum_c_thousands                      0x0000a0b6   Data           0  lc_numeric_c.o(locale$$data)
    __lcnum_c_grouping                       0x0000a0b7   Data           0  lc_numeric_c.o(locale$$data)
    __lcnum_c_end                            0x0000a0b8   Data           0  lc_numeric_c.o(locale$$data)
    .data                                    0x20000000   Section       50  lpc546xx_adc.o(.data)
    k                                        0x20000030   Data           2  lpc546xx_adc.o(.data)
    .data                                    0x20000034   Section       20  lpc546xx_ctimer.o(.data)
    .data                                    0x20000048   Section       40  lpc546xx_flexcomm.o(.data)
    .data                                    0x20000070   Section        2  lpc546xx_pll.o(.data)
    .data                                    0x20000074   Section       40  lpc546xx_spi.o(.data)
    .data                                    0x2000009c   Section       40  lpc546xx_uart.o(.data)
    .data                                    0x200000c4   Section        1  isr.o(.data)
    .data                                    0x200000c8   Section      151  selfbuild_control.o(.data)
    RollReadOld                              0x2000014c   Data           4  selfbuild_control.o(.data)
    PitchReadOld                             0x20000150   Data           4  selfbuild_control.o(.data)
    YawReadOld                               0x20000154   Data           4  selfbuild_control.o(.data)
    times                                    0x20000158   Data           1  selfbuild_control.o(.data)
    Flag_K1                                  0x20000159   Data           1  selfbuild_control.o(.data)
    Flag_K2                                  0x2000015a   Data           1  selfbuild_control.o(.data)
    Flag_K3                                  0x2000015b   Data           1  selfbuild_control.o(.data)
    Flag_K4                                  0x2000015c   Data           1  selfbuild_control.o(.data)
    Flag_K5                                  0x2000015d   Data           1  selfbuild_control.o(.data)
    Last_BM_flag                             0x2000015e   Data           1  selfbuild_control.o(.data)
    .data                                    0x20000160   Section      120  selfbuild_pid.o(.data)
    .data                                    0x200001d8   Section       20  selfbuild_oledmenu.o(.data)
    Current_Count                            0x200001e2   Data           1  selfbuild_oledmenu.o(.data)
    Current_Count_Last                       0x200001e3   Data           1  selfbuild_oledmenu.o(.data)
    Confirm_Flag                             0x200001e4   Data           1  selfbuild_oledmenu.o(.data)
    Sub_Current_Count                        0x200001e5   Data           1  selfbuild_oledmenu.o(.data)
    Sub_Current_Count_Last                   0x200001e6   Data           1  selfbuild_oledmenu.o(.data)
    Sub_Confirm_Flag                         0x200001e7   Data           1  selfbuild_oledmenu.o(.data)
    Copy_Data_Cnt                            0x200001e8   Data           2  selfbuild_oledmenu.o(.data)
    Return_Flag                              0x200001ea   Data           2  selfbuild_oledmenu.o(.data)
    .data                                    0x200001ec   Section      125  imageprocess.o(.data)
    .data                                    0x2000026a   Section       77  seekfree_mt9v032.o(.data)
    .bss                                     0x200002b8   Section      600  lpc546xx_adc.o(.bss)
    .bss                                     0x20000600   Section      480  lpc546xx_dma.o(.bss)
    .bss                                     0x200007e0   Section      664  selfbuild_oledmenu.o(.bss)
    temp_Data                                0x20000a68   Data          16  selfbuild_oledmenu.o(.bss)
    .bss                                     0x20000a78   Section       10  selfbuild_electron_calcu.o(.bss)
    .bss                                     0x20000a82   Section      300  imageprocess.o(.bss)
    .bss                                     0x20000bae   Section    45120  seekfree_mt9v032.o(.bss)
    .bss                                     0x2000bbf0   Section       96  libspace.o(.bss)
    HEAP                                     0x2000bc50   Section     4096  startup_lpc54606.o(HEAP)
    Heap_Mem                                 0x2000bc50   Data        4096  startup_lpc54606.o(HEAP)
    STACK                                    0x2000cc50   Section     8192  startup_lpc54606.o(STACK)
    Stack_Mem                                0x2000cc50   Data        8192  startup_lpc54606.o(STACK)
    __initial_sp                             0x2000ec50   Data           0  startup_lpc54606.o(STACK)

    Global Symbols

    Symbol Name                              Value     Ov Type        Size  Object(Section)

    BuildAttributes$$THM_ISAv4$E$P$D$K$B$S$7EM$VFPi3$EXTD16$VFPS$VFMA$PE$A:L22UL41UL21$X:L11$S22US41US21$IEEE1$IW$USESV6$~STKCKD$USESV7$~SHL$OTIME$ROPI$IEEEX$EBA8$UX$STANDARDLIB$REQ8$PRES8$EABIv2 0x00000000   Number         0  anon$$obj.o ABSOLUTE
    __ARM_use_no_argv                        0x00000000   Number         0  main.o ABSOLUTE
    __Vectors                                0x00000000   Data           4  startup_lpc54606.o(RESET)
    _printf_flags                            0x00000000   Number         0  printf_stubs.o ABSOLUTE
    _printf_return_value                     0x00000000   Number         0  printf_stubs.o ABSOLUTE
    _printf_sizespec                         0x00000000   Number         0  printf_stubs.o ABSOLUTE
    _printf_widthprec                        0x00000000   Number         0  printf_stubs.o ABSOLUTE
    __ARM_exceptions_init                     - Undefined Weak Reference
    __alloca_initialize                       - Undefined Weak Reference
    __arm_preinit_                            - Undefined Weak Reference
    __cpp_initialize__aeabi_                  - Undefined Weak Reference
    __cxa_finalize                            - Undefined Weak Reference
    __sigvec_lookup                           - Undefined Weak Reference
    __user_heap_extent                        - Undefined Weak Reference
    _atexit_init                              - Undefined Weak Reference
    _call_atexit_fns                          - Undefined Weak Reference
    _clock_init                               - Undefined Weak Reference
    _fp_trap_init                             - Undefined Weak Reference
    _fp_trap_shutdown                         - Undefined Weak Reference
    _get_lc_collate                           - Undefined Weak Reference
    _get_lc_ctype                             - Undefined Weak Reference
    _get_lc_monetary                          - Undefined Weak Reference
    _get_lc_time                              - Undefined Weak Reference
    _getenv_init                              - Undefined Weak Reference
    _handle_redirection                       - Undefined Weak Reference
    _mutex_acquire                            - Undefined Weak Reference
    _mutex_free                               - Undefined Weak Reference
    _mutex_release                            - Undefined Weak Reference
    _printf_mbtowc                            - Undefined Weak Reference
    _printf_truncate_signed                   - Undefined Weak Reference
    _printf_truncate_unsigned                 - Undefined Weak Reference
    _rand_init                                - Undefined Weak Reference
    _signal_finish                            - Undefined Weak Reference
    _signal_init                              - Undefined Weak Reference
    __main                                   0x00000125   Thumb Code     8  __main.o(!!!main)
    __scatterload                            0x0000012d   Thumb Code     0  __scatter.o(!!!scatter)
    __scatterload_rt2                        0x0000012d   Thumb Code    44  __scatter.o(!!!scatter)
    __scatterload_rt2_thumb_only             0x0000012d   Thumb Code     0  __scatter.o(!!!scatter)
    __scatterload_null                       0x0000013b   Thumb Code     0  __scatter.o(!!!scatter)
    __decompress                             0x00000161   Thumb Code    90  __dczerorl2.o(!!dczerorl2)
    __decompress1                            0x00000161   Thumb Code     0  __dczerorl2.o(!!dczerorl2)
    __scatterload_zeroinit                   0x000001bd   Thumb Code    28  __scatter_zi.o(!!handler_zi)
    _printf_f                                0x000001d9   Thumb Code     0  _printf_f.o(.ARM.Collect$$_printf_percent$$00000003)
    _printf_percent                          0x000001d9   Thumb Code     0  _printf_percent.o(.ARM.Collect$$_printf_percent$$00000000)
    _printf_percent_end                      0x000001df   Thumb Code     0  _printf_percent_end.o(.ARM.Collect$$_printf_percent$$00000017)
    __rt_lib_init                            0x000001e3   Thumb Code     0  libinit.o(.ARM.Collect$$libinit$$00000000)
    __rt_lib_init_fp_1                       0x000001e5   Thumb Code     0  libinit2.o(.ARM.Collect$$libinit$$00000001)
    __rt_lib_init_heap_1                     0x000001e9   Thumb Code     0  libinit2.o(.ARM.Collect$$libinit$$0000000A)
    __rt_lib_init_lc_common                  0x000001e9   Thumb Code     0  libinit2.o(.ARM.Collect$$libinit$$0000000F)
    __rt_lib_init_preinit_1                  0x000001e9   Thumb Code     0  libinit2.o(.ARM.Collect$$libinit$$00000004)
    __rt_lib_init_rand_1                     0x000001e9   Thumb Code     0  libinit2.o(.ARM.Collect$$libinit$$0000000E)
    __rt_lib_init_user_alloc_1               0x000001e9   Thumb Code     0  libinit2.o(.ARM.Collect$$libinit$$0000000C)
    __rt_lib_init_lc_collate_1               0x000001ef   Thumb Code     0  libinit2.o(.ARM.Collect$$libinit$$00000011)
    __rt_lib_init_lc_ctype_1                 0x000001ef   Thumb Code     0  libinit2.o(.ARM.Collect$$libinit$$00000013)
    __rt_lib_init_lc_monetary_1              0x000001ef   Thumb Code     0  libinit2.o(.ARM.Collect$$libinit$$00000015)
    __rt_lib_init_lc_numeric_2               0x000001ef   Thumb Code     0  libinit2.o(.ARM.Collect$$libinit$$00000016)
    __rt_lib_init_alloca_1                   0x000001f9   Thumb Code     0  libinit2.o(.ARM.Collect$$libinit$$0000002E)
    __rt_lib_init_argv_1                     0x000001f9   Thumb Code     0  libinit2.o(.ARM.Collect$$libinit$$0000002C)
    __rt_lib_init_atexit_1                   0x000001f9   Thumb Code     0  libinit2.o(.ARM.Collect$$libinit$$0000001B)
    __rt_lib_init_clock_1                    0x000001f9   Thumb Code     0  libinit2.o(.ARM.Collect$$libinit$$00000021)
    __rt_lib_init_cpp_1                      0x000001f9   Thumb Code     0  libinit2.o(.ARM.Collect$$libinit$$00000032)
    __rt_lib_init_exceptions_1               0x000001f9   Thumb Code     0  libinit2.o(.ARM.Collect$$libinit$$00000030)
    __rt_lib_init_fp_trap_1                  0x000001f9   Thumb Code     0  libinit2.o(.ARM.Collect$$libinit$$0000001F)
    __rt_lib_init_getenv_1                   0x000001f9   Thumb Code     0  libinit2.o(.ARM.Collect$$libinit$$00000023)
    __rt_lib_init_lc_numeric_1               0x000001f9   Thumb Code     0  libinit2.o(.ARM.Collect$$libinit$$00000017)
    __rt_lib_init_lc_time_1                  0x000001f9   Thumb Code     0  libinit2.o(.ARM.Collect$$libinit$$00000019)
    __rt_lib_init_return                     0x000001f9   Thumb Code     0  libinit2.o(.ARM.Collect$$libinit$$00000033)
    __rt_lib_init_signal_1                   0x000001f9   Thumb Code     0  libinit2.o(.ARM.Collect$$libinit$$0000001D)
    __rt_lib_init_stdio_1                    0x000001f9   Thumb Code     0  libinit2.o(.ARM.Collect$$libinit$$00000025)
    __rt_lib_shutdown                        0x000001fb   Thumb Code     0  libshutdown.o(.ARM.Collect$$libshutdown$$00000000)
    __rt_lib_shutdown_cpp_1                  0x000001fd   Thumb Code     0  libshutdown2.o(.ARM.Collect$$libshutdown$$00000002)
    __rt_lib_shutdown_fp_trap_1              0x000001fd   Thumb Code     0  libshutdown2.o(.ARM.Collect$$libshutdown$$00000007)
    __rt_lib_shutdown_heap_1                 0x000001fd   Thumb Code     0  libshutdown2.o(.ARM.Collect$$libshutdown$$0000000F)
    __rt_lib_shutdown_return                 0x000001fd   Thumb Code     0  libshutdown2.o(.ARM.Collect$$libshutdown$$00000010)
    __rt_lib_shutdown_signal_1               0x000001fd   Thumb Code     0  libshutdown2.o(.ARM.Collect$$libshutdown$$0000000A)
    __rt_lib_shutdown_stdio_1                0x000001fd   Thumb Code     0  libshutdown2.o(.ARM.Collect$$libshutdown$$00000004)
    __rt_lib_shutdown_user_alloc_1           0x000001fd   Thumb Code     0  libshutdown2.o(.ARM.Collect$$libshutdown$$0000000C)
    __rt_entry                               0x000001ff   Thumb Code     0  __rtentry.o(.ARM.Collect$$rtentry$$00000000)
    __rt_entry_presh_1                       0x000001ff   Thumb Code     0  __rtentry2.o(.ARM.Collect$$rtentry$$00000002)
    __rt_entry_sh                            0x000001ff   Thumb Code     0  __rtentry4.o(.ARM.Collect$$rtentry$$00000004)
    __rt_entry_li                            0x00000205   Thumb Code     0  __rtentry2.o(.ARM.Collect$$rtentry$$0000000A)
    __rt_entry_postsh_1                      0x00000205   Thumb Code     0  __rtentry2.o(.ARM.Collect$$rtentry$$00000009)
    __rt_entry_main                          0x00000209   Thumb Code     0  __rtentry2.o(.ARM.Collect$$rtentry$$0000000D)
    __rt_entry_postli_1                      0x00000209   Thumb Code     0  __rtentry2.o(.ARM.Collect$$rtentry$$0000000C)
    __rt_exit                                0x00000211   Thumb Code     0  rtexit.o(.ARM.Collect$$rtexit$$00000000)
    __rt_exit_ls                             0x00000213   Thumb Code     0  rtexit2.o(.ARM.Collect$$rtexit$$00000003)
    __rt_exit_prels_1                        0x00000213   Thumb Code     0  rtexit2.o(.ARM.Collect$$rtexit$$00000002)
    __rt_exit_exit                           0x00000217   Thumb Code     0  rtexit2.o(.ARM.Collect$$rtexit$$00000004)
    Reset_Handler                            0x0000021d   Thumb Code     8  startup_lpc54606.o(.text)
    MemManage_Handler                        0x00000229   Thumb Code     2  startup_lpc54606.o(.text)
    BusFault_Handler                         0x0000022b   Thumb Code     2  startup_lpc54606.o(.text)
    UsageFault_Handler                       0x0000022d   Thumb Code     2  startup_lpc54606.o(.text)
    SVC_Handler                              0x0000022f   Thumb Code     2  startup_lpc54606.o(.text)
    DebugMon_Handler                         0x00000231   Thumb Code     2  startup_lpc54606.o(.text)
    PendSV_Handler                           0x00000233   Thumb Code     2  startup_lpc54606.o(.text)
    SysTick_Handler                          0x00000235   Thumb Code     2  startup_lpc54606.o(.text)
    WDT_BOD_IRQHandler                       0x00000237   Thumb Code     4  startup_lpc54606.o(.text)
    DMA0_IRQHandler                          0x0000023b   Thumb Code     4  startup_lpc54606.o(.text)
    GINT0_IRQHandler                         0x0000023f   Thumb Code     4  startup_lpc54606.o(.text)
    GINT1_IRQHandler                         0x00000243   Thumb Code     4  startup_lpc54606.o(.text)
    PIN_INT0_IRQHandler                      0x00000247   Thumb Code     4  startup_lpc54606.o(.text)
    PIN_INT1_IRQHandler                      0x0000024b   Thumb Code     4  startup_lpc54606.o(.text)
    PIN_INT2_IRQHandler                      0x0000024f   Thumb Code     4  startup_lpc54606.o(.text)
    PIN_INT3_IRQHandler                      0x00000253   Thumb Code     4  startup_lpc54606.o(.text)
    UTICK0_IRQHandler                        0x00000257   Thumb Code     4  startup_lpc54606.o(.text)
    MRT0_IRQHandler                          0x0000025b   Thumb Code     4  startup_lpc54606.o(.text)
    CTIMER0_IRQHandler                       0x0000025f   Thumb Code     4  startup_lpc54606.o(.text)
    CTIMER1_IRQHandler                       0x00000263   Thumb Code     4  startup_lpc54606.o(.text)
    SCT0_IRQHandler                          0x00000267   Thumb Code     4  startup_lpc54606.o(.text)
    CTIMER3_IRQHandler                       0x0000026b   Thumb Code     4  startup_lpc54606.o(.text)
    FLEXCOMM0_IRQHandler                     0x0000026f   Thumb Code     4  startup_lpc54606.o(.text)
    FLEXCOMM1_IRQHandler                     0x00000273   Thumb Code     4  startup_lpc54606.o(.text)
    FLEXCOMM2_IRQHandler                     0x00000277   Thumb Code     4  startup_lpc54606.o(.text)
    FLEXCOMM3_IRQHandler                     0x0000027b   Thumb Code     4  startup_lpc54606.o(.text)
    FLEXCOMM4_IRQHandler                     0x0000027f   Thumb Code     4  startup_lpc54606.o(.text)
    FLEXCOMM5_IRQHandler                     0x00000283   Thumb Code     4  startup_lpc54606.o(.text)
    FLEXCOMM6_IRQHandler                     0x00000287   Thumb Code     4  startup_lpc54606.o(.text)
    FLEXCOMM7_IRQHandler                     0x0000028b   Thumb Code     4  startup_lpc54606.o(.text)
    ADC0_SEQA_IRQHandler                     0x0000028f   Thumb Code     4  startup_lpc54606.o(.text)
    ADC0_SEQB_IRQHandler                     0x00000293   Thumb Code     4  startup_lpc54606.o(.text)
    ADC0_THCMP_IRQHandler                    0x00000297   Thumb Code     4  startup_lpc54606.o(.text)
    DMIC0_IRQHandler                         0x0000029b   Thumb Code     4  startup_lpc54606.o(.text)
    HWVAD0_IRQHandler                        0x0000029f   Thumb Code     4  startup_lpc54606.o(.text)
    USB0_NEEDCLK_IRQHandler                  0x000002a3   Thumb Code     4  startup_lpc54606.o(.text)
    USB0_IRQHandler                          0x000002a7   Thumb Code     4  startup_lpc54606.o(.text)
    RTC_IRQHandler                           0x000002ab   Thumb Code     4  startup_lpc54606.o(.text)
    Reserved46_IRQHandler                    0x000002af   Thumb Code     4  startup_lpc54606.o(.text)
    Reserved47_IRQHandler                    0x000002b3   Thumb Code     4  startup_lpc54606.o(.text)
    PIN_INT4_IRQHandler                      0x000002b7   Thumb Code     4  startup_lpc54606.o(.text)
    PIN_INT5_IRQHandler                      0x000002bb   Thumb Code     4  startup_lpc54606.o(.text)
    PIN_INT6_IRQHandler                      0x000002bf   Thumb Code     4  startup_lpc54606.o(.text)
    PIN_INT7_IRQHandler                      0x000002c3   Thumb Code     4  startup_lpc54606.o(.text)
    CTIMER2_IRQHandler                       0x000002c7   Thumb Code     4  startup_lpc54606.o(.text)
    CTIMER4_IRQHandler                       0x000002cb   Thumb Code     4  startup_lpc54606.o(.text)
    RIT_IRQHandler                           0x000002cf   Thumb Code     4  startup_lpc54606.o(.text)
    SPIFI0_IRQHandler                        0x000002d3   Thumb Code     4  startup_lpc54606.o(.text)
    FLEXCOMM8_IRQHandler                     0x000002d7   Thumb Code     4  startup_lpc54606.o(.text)
    FLEXCOMM9_IRQHandler                     0x000002db   Thumb Code     4  startup_lpc54606.o(.text)
    SDIO_IRQHandler                          0x000002df   Thumb Code     4  startup_lpc54606.o(.text)
    CAN0_IRQ0_IRQHandler                     0x000002e3   Thumb Code     4  startup_lpc54606.o(.text)
    CAN0_IRQ1_IRQHandler                     0x000002e7   Thumb Code     4  startup_lpc54606.o(.text)
    CAN1_IRQ0_IRQHandler                     0x000002eb   Thumb Code     4  startup_lpc54606.o(.text)
    CAN1_IRQ1_IRQHandler                     0x000002ef   Thumb Code     4  startup_lpc54606.o(.text)
    USB1_IRQHandler                          0x000002f3   Thumb Code     4  startup_lpc54606.o(.text)
    USB1_NEEDCLK_IRQHandler                  0x000002f7   Thumb Code     4  startup_lpc54606.o(.text)
    ETHERNET_IRQHandler                      0x000002fb   Thumb Code     4  startup_lpc54606.o(.text)
    ETHERNET_PMT_IRQHandler                  0x000002ff   Thumb Code     4  startup_lpc54606.o(.text)
    ETHERNET_MACLP_IRQHandler                0x00000303   Thumb Code     4  startup_lpc54606.o(.text)
    EEPROM_IRQHandler                        0x00000307   Thumb Code     4  startup_lpc54606.o(.text)
    LCD_IRQHandler                           0x0000030b   Thumb Code     4  startup_lpc54606.o(.text)
    SHA_IRQHandler                           0x0000030f   Thumb Code     4  startup_lpc54606.o(.text)
    SMARTCARD0_IRQHandler                    0x00000313   Thumb Code     4  startup_lpc54606.o(.text)
    SMARTCARD1_IRQHandler                    0x00000317   Thumb Code     4  startup_lpc54606.o(.text)
    ADC0_SEQA_DriverIRQHandler               0x0000031b   Thumb Code     0  startup_lpc54606.o(.text)
    ADC0_SEQB_DriverIRQHandler               0x0000031b   Thumb Code     0  startup_lpc54606.o(.text)
    ADC0_THCMP_DriverIRQHandler              0x0000031b   Thumb Code     0  startup_lpc54606.o(.text)
    CAN0_IRQ0_DriverIRQHandler               0x0000031b   Thumb Code     0  startup_lpc54606.o(.text)
    CAN0_IRQ1_DriverIRQHandler               0x0000031b   Thumb Code     0  startup_lpc54606.o(.text)
    CAN1_IRQ0_DriverIRQHandler               0x0000031b   Thumb Code     0  startup_lpc54606.o(.text)
    CAN1_IRQ1_DriverIRQHandler               0x0000031b   Thumb Code     0  startup_lpc54606.o(.text)
    CTIMER0_DriverIRQHandler                 0x0000031b   Thumb Code     0  startup_lpc54606.o(.text)
    DMIC0_DriverIRQHandler                   0x0000031b   Thumb Code     0  startup_lpc54606.o(.text)
    EEPROM_DriverIRQHandler                  0x0000031b   Thumb Code     0  startup_lpc54606.o(.text)
    ETHERNET_DriverIRQHandler                0x0000031b   Thumb Code     0  startup_lpc54606.o(.text)
    ETHERNET_MACLP_DriverIRQHandler          0x0000031b   Thumb Code     0  startup_lpc54606.o(.text)
    ETHERNET_PMT_DriverIRQHandler            0x0000031b   Thumb Code     0  startup_lpc54606.o(.text)
    FLEXCOMM0_DriverIRQHandler               0x0000031b   Thumb Code     0  startup_lpc54606.o(.text)
    FLEXCOMM1_DriverIRQHandler               0x0000031b   Thumb Code     0  startup_lpc54606.o(.text)
    FLEXCOMM2_DriverIRQHandler               0x0000031b   Thumb Code     0  startup_lpc54606.o(.text)
    FLEXCOMM3_DriverIRQHandler               0x0000031b   Thumb Code     0  startup_lpc54606.o(.text)
    FLEXCOMM4_DriverIRQHandler               0x0000031b   Thumb Code     0  startup_lpc54606.o(.text)
    FLEXCOMM6_DriverIRQHandler               0x0000031b   Thumb Code     0  startup_lpc54606.o(.text)
    FLEXCOMM7_DriverIRQHandler               0x0000031b   Thumb Code     0  startup_lpc54606.o(.text)
    FLEXCOMM8_DriverIRQHandler               0x0000031b   Thumb Code     0  startup_lpc54606.o(.text)
    FLEXCOMM9_DriverIRQHandler               0x0000031b   Thumb Code     0  startup_lpc54606.o(.text)
    GINT0_DriverIRQHandler                   0x0000031b   Thumb Code     0  startup_lpc54606.o(.text)
    GINT1_DriverIRQHandler                   0x0000031b   Thumb Code     0  startup_lpc54606.o(.text)
    HWVAD0_DriverIRQHandler                  0x0000031b   Thumb Code     0  startup_lpc54606.o(.text)
    LCD_DriverIRQHandler                     0x0000031b   Thumb Code     0  startup_lpc54606.o(.text)
    PIN_INT0_DriverIRQHandler                0x0000031b   Thumb Code     0  startup_lpc54606.o(.text)
    PIN_INT1_DriverIRQHandler                0x0000031b   Thumb Code     0  startup_lpc54606.o(.text)
    PIN_INT2_DriverIRQHandler                0x0000031b   Thumb Code     0  startup_lpc54606.o(.text)
    PIN_INT3_DriverIRQHandler                0x0000031b   Thumb Code     0  startup_lpc54606.o(.text)
    PIN_INT4_DriverIRQHandler                0x0000031b   Thumb Code     0  startup_lpc54606.o(.text)
    PIN_INT5_DriverIRQHandler                0x0000031b   Thumb Code     0  startup_lpc54606.o(.text)
    PIN_INT6_DriverIRQHandler                0x0000031b   Thumb Code     0  startup_lpc54606.o(.text)
    RTC_DriverIRQHandler                     0x0000031b   Thumb Code     0  startup_lpc54606.o(.text)
    Reserved46_DriverIRQHandler              0x0000031b   Thumb Code     0  startup_lpc54606.o(.text)
    Reserved47_DriverIRQHandler              0x0000031b   Thumb Code     0  startup_lpc54606.o(.text)
    SCT0_DriverIRQHandler                    0x0000031b   Thumb Code     0  startup_lpc54606.o(.text)
    SDIO_DriverIRQHandler                    0x0000031b   Thumb Code     0  startup_lpc54606.o(.text)
    SHA_DriverIRQHandler                     0x0000031b   Thumb Code     0  startup_lpc54606.o(.text)
    SMARTCARD0_DriverIRQHandler              0x0000031b   Thumb Code     0  startup_lpc54606.o(.text)
    SMARTCARD1_DriverIRQHandler              0x0000031b   Thumb Code     0  startup_lpc54606.o(.text)
    SPIFI0_DriverIRQHandler                  0x0000031b   Thumb Code     0  startup_lpc54606.o(.text)
    USB0_DriverIRQHandler                    0x0000031b   Thumb Code     0  startup_lpc54606.o(.text)
    USB0_NEEDCLK_DriverIRQHandler            0x0000031b   Thumb Code     0  startup_lpc54606.o(.text)
    USB1_DriverIRQHandler                    0x0000031b   Thumb Code     0  startup_lpc54606.o(.text)
    USB1_NEEDCLK_DriverIRQHandler            0x0000031b   Thumb Code     0  startup_lpc54606.o(.text)
    UTICK0_DriverIRQHandler                  0x0000031b   Thumb Code     0  startup_lpc54606.o(.text)
    WDT_BOD_DriverIRQHandler                 0x0000031b   Thumb Code     0  startup_lpc54606.o(.text)
    __user_initial_stackheap                 0x0000031d   Thumb Code     0  startup_lpc54606.o(.text)
    __aeabi_ldivmod                          0x00000425   Thumb Code     0  llsdiv.o(.text)
    _ll_sdiv                                 0x00000425   Thumb Code    72  llsdiv.o(.text)
    __2sprintf                               0x0000046d   Thumb Code    38  __2sprintf.o(.text)
    __printf                                 0x00000499   Thumb Code   308  __printf_flags_wp.o(.text)
    __aeabi_memclr                           0x000005d1   Thumb Code     0  rt_memclr.o(.text)
    __rt_memclr                              0x000005d1   Thumb Code    68  rt_memclr.o(.text)
    _memset                                  0x000005d5   Thumb Code     0  rt_memclr.o(.text)
    __aeabi_memclr4                          0x00000615   Thumb Code     0  rt_memclr_w.o(.text)
    __aeabi_memclr8                          0x00000615   Thumb Code     0  rt_memclr_w.o(.text)
    __rt_memclr_w                            0x00000615   Thumb Code    78  rt_memclr_w.o(.text)
    _memset_w                                0x00000619   Thumb Code     0  rt_memclr_w.o(.text)
    __use_two_region_memory                  0x00000663   Thumb Code     2  heapauxi.o(.text)
    __rt_heap_escrow                         0x00000665   Thumb Code     2  heapauxi.o(.text)
    __rt_heap_expand                         0x00000667   Thumb Code     2  heapauxi.o(.text)
    __aeabi_uldivmod                         0x00000669   Thumb Code     0  lludivv7m.o(.text)
    _ll_udiv                                 0x00000669   Thumb Code   238  lludivv7m.o(.text)
    __read_errno                             0x00000757   Thumb Code    10  _rserrno.o(.text)
    __set_errno                              0x00000761   Thumb Code    12  _rserrno.o(.text)
    __lib_sel_fp_printf                      0x0000076d   Thumb Code     2  _printf_fp_dec.o(.text)
    _printf_fp_dec_real                      0x0000091b   Thumb Code   620  _printf_fp_dec.o(.text)
    _printf_char_common                      0x00000b93   Thumb Code    32  _printf_char_common.o(.text)
    _sputc                                   0x00000bb9   Thumb Code    10  _sputc.o(.text)
    __rt_locale                              0x00000bc5   Thumb Code     8  rt_locale_intlibspace.o(.text)
    __aeabi_errno_addr                       0x00000bcd   Thumb Code     8  rt_errno_addr_intlibspace.o(.text)
    __errno$intlibspace                      0x00000bcd   Thumb Code     0  rt_errno_addr_intlibspace.o(.text)
    __rt_errno_addr$intlibspace              0x00000bcd   Thumb Code     0  rt_errno_addr_intlibspace.o(.text)
    _ll_udiv10                               0x00000bd5   Thumb Code   138  lludiv10.o(.text)
    _printf_fp_infnan                        0x00000c61   Thumb Code   112  _printf_fp_infnan.o(.text)
    _btod_etento                             0x00000ce1   Thumb Code   216  bigflt0.o(.text)
    __user_libspace                          0x00000dbd   Thumb Code     8  libspace.o(.text)
    __user_perproc_libspace                  0x00000dbd   Thumb Code     0  libspace.o(.text)
    __user_perthread_libspace                0x00000dbd   Thumb Code     0  libspace.o(.text)
    __user_setup_stackheap                   0x00000dc5   Thumb Code    74  sys_stackheap_outer.o(.text)
    exit                                     0x00000e0f   Thumb Code    18  exit.o(.text)
    strcmp                                   0x00000e21   Thumb Code   128  strcmpv7m.o(.text)
    __I$use$semihosting                      0x00000ea1   Thumb Code     0  use_no_semi.o(.text)
    __use_no_semihosting_swi                 0x00000ea1   Thumb Code     2  use_no_semi.o(.text)
    __semihosting_library_function           0x00000ea3   Thumb Code     0  indicate_semi.o(.text)
    _sys_exit                                0x00000ea5   Thumb Code     8  sys_exit.o(.text)
    _btod_d2e                                0x00000eb1   Thumb Code    62  btod.o(CL$$btod_d2e)
    _d2e_denorm_low                          0x00000eef   Thumb Code    70  btod.o(CL$$btod_d2e_denorm_low)
    _d2e_norm_op1                            0x00000f35   Thumb Code    96  btod.o(CL$$btod_d2e_norm_op1)
    __btod_div_common                        0x00000f95   Thumb Code   696  btod.o(CL$$btod_div_common)
    _e2e                                     0x000012cd   Thumb Code   198  btod.o(CL$$btod_e2e)
    _btod_ediv                               0x00001393   Thumb Code    40  btod.o(CL$$btod_ediv)
    _btod_emul                               0x000013bb   Thumb Code    40  btod.o(CL$$btod_emul)
    __btod_mult_common                       0x000013e3   Thumb Code   580  btod.o(CL$$btod_mult_common)
    BM_get                                   0x00001627   Thumb Code    56  selfbuild_control.o(i.BM_get)
    Button_get                               0x000016a5   Thumb Code   354  selfbuild_control.o(i.Button_get)
    CTIMER1_DriverIRQHandler                 0x00001825   Thumb Code     2  lpc546xx_ctimer.o(i.CTIMER1_DriverIRQHandler)
    CTIMER2_DriverIRQHandler                 0x00001827   Thumb Code     2  lpc546xx_ctimer.o(i.CTIMER2_DriverIRQHandler)
    CTIMER3_DriverIRQHandler                 0x00001829   Thumb Code     2  lpc546xx_ctimer.o(i.CTIMER3_DriverIRQHandler)
    CTIMER4_DriverIRQHandler                 0x0000182b   Thumb Code     2  lpc546xx_ctimer.o(i.CTIMER4_DriverIRQHandler)
    CenterSlope                              0x0000182d   Thumb Code   176  imageprocess.o(i.CenterSlope)
    DMA0_DriverIRQHandler                    0x000018e5   Thumb Code    24  isr.o(i.DMA0_DriverIRQHandler)
    FLEXCOMM5_DriverIRQHandler               0x00001901   Thumb Code    58  isr.o(i.FLEXCOMM5_DriverIRQHandler)
    GrayscaleToBinary                        0x00001941   Thumb Code    30  seekfree_mt9v032.o(i.GrayscaleToBinary)
    HardFault_Handler                        0x0000195f   Thumb Code     4  system_lpc54606.o(i.HardFault_Handler)
    MRT0_DriverIRQHandler                    0x00001965   Thumb Code   236  isr.o(i.MRT0_DriverIRQHandler)
    M_divider                                0x00001a79   Thumb Code    96  lpc546xx_pll.o(i.M_divider)
    Menu_Init                                0x00001bcd   Thumb Code   772  selfbuild_oledmenu.o(i.Menu_Init)
    Menu_Work                                0x00002045   Thumb Code  3038  selfbuild_oledmenu.o(i.Menu_Work)
    NMI_Handler                              0x00002c5d   Thumb Code     2  system_lpc54606.o(i.NMI_Handler)
    N_divider                                0x00002ce5   Thumb Code   106  lpc546xx_pll.o(i.N_divider)
    OLED_P6x8Int                             0x00002d55   Thumb Code   210  seekfree_oled.o(i.OLED_P6x8Int)
    OLED_PrintBinary                         0x00002e49   Thumb Code   110  seekfree_oled.o(i.OLED_PrintBinary)
    Oled_showGPRO                            0x00002eb9   Thumb Code   298  selfbuild_control.o(i.Oled_showGPRO)
    Oledshow                                 0x00003029   Thumb Code   262  selfbuild_control.o(i.Oledshow)
    PID_Incremental                          0x0000315d   Thumb Code   202  selfbuild_pid.o(i.PID_Incremental)
    PID_Parameter_Init                       0x00003229   Thumb Code    50  selfbuild_pid.o(i.PID_Parameter_Init)
    PID_Positional                           0x00003261   Thumb Code   222  selfbuild_pid.o(i.PID_Positional)
    PIN_INT7_DriverIRQHandler                0x0000334d   Thumb Code     8  isr.o(i.PIN_INT7_DriverIRQHandler)
    PWM_OUT                                  0x00003355   Thumb Code   108  selfbuild_control.o(i.PWM_OUT)
    P_divider                                0x000033c1   Thumb Code    94  lpc546xx_pll.o(i.P_divider)
    RIT_DriverIRQHandler                     0x00003425   Thumb Code    88  lpc546xx_adc.o(i.RIT_DriverIRQHandler)
    ScanLine                                 0x00003499   Thumb Code   894  imageprocess.o(i.ScanLine)
    ServoControl                             0x00003845   Thumb Code   172  selfbuild_control.o(i.ServoControl)
    ServoErrorCalcu                          0x0000391d   Thumb Code   386  selfbuild_control.o(i.ServoErrorCalcu)
    Speed_read                               0x00003acd   Thumb Code    78  selfbuild_control.o(i.Speed_read)
    SystemInit                               0x00003b25   Thumb Code   202  system_lpc54606.o(i.SystemInit)
    __ARM_fpclassify                         0x00003c01   Thumb Code    48  fpclassify.o(i.__ARM_fpclassify)
    __hardfp_pow                             0x00003c31   Thumb Code  3072  pow.o(i.__hardfp_pow)
    __kernel_poly                            0x00004881   Thumb Code   248  poly.o(i.__kernel_poly)
    __mathlib_dbl_divzero                    0x00004979   Thumb Code    28  dunder.o(i.__mathlib_dbl_divzero)
    __mathlib_dbl_infnan2                    0x000049a9   Thumb Code    20  dunder.o(i.__mathlib_dbl_infnan2)
    __mathlib_dbl_invalid                    0x000049c1   Thumb Code    24  dunder.o(i.__mathlib_dbl_invalid)
    __mathlib_dbl_overflow                   0x000049e1   Thumb Code    24  dunder.o(i.__mathlib_dbl_overflow)
    __mathlib_dbl_underflow                  0x00004a01   Thumb Code    24  dunder.o(i.__mathlib_dbl_underflow)
    _is_digit                                0x00004a21   Thumb Code    14  __printf_wp.o(i._is_digit)
    adc_get_once                             0x00004a31   Thumb Code   126  lpc546xx_adc.o(i.adc_get_once)
    adcshow                                  0x00004ab5   Thumb Code   134  selfbuild_control.o(i.adcshow)
    camera_init                              0x00004b65   Thumb Code   216  seekfree_mt9v032.o(i.camera_init)
    ctimer_clock                             0x00004c51   Thumb Code   110  lpc546xx_ctimer.o(i.ctimer_clock)
    ctimer_count_clean                       0x00004cc9   Thumb Code    24  lpc546xx_ctimer.o(i.ctimer_count_clean)
    ctimer_count_init                        0x00004ce5   Thumb Code   162  lpc546xx_ctimer.o(i.ctimer_count_init)
    ctimer_count_read                        0x00004d8d   Thumb Code    22  lpc546xx_ctimer.o(i.ctimer_count_read)
    ctimer_countmux                          0x00004da9   Thumb Code   398  lpc546xx_ctimer.o(i.ctimer_countmux)
    ctimer_pwm_duty                          0x00004f39   Thumb Code   150  lpc546xx_ctimer.o(i.ctimer_pwm_duty)
    ctimer_pwm_init                          0x00004fdd   Thumb Code   378  lpc546xx_ctimer.o(i.ctimer_pwm_init)
    ctimer_pwmmux                            0x00005169   Thumb Code   494  lpc546xx_ctimer.o(i.ctimer_pwmmux)
    dam_init_linked                          0x00005359   Thumb Code   268  lpc546xx_dma.o(i.dam_init_linked)
    eeprom_init                              0x000054e1   Thumb Code    96  lpc546xx_eeprom.o(i.eeprom_init)
    fabs                                     0x0000555d   Thumb Code    24  fabs.o(i.fabs)
    flexcomm_clk_enable                      0x000055d1   Thumb Code   186  lpc546xx_flexcomm.o(i.flexcomm_clk_enable)
    flexcomm_get_clk                         0x000056a1   Thumb Code     6  lpc546xx_flexcomm.o(i.flexcomm_get_clk)
    flexcomm_irq                             0x000056ad   Thumb Code    56  lpc546xx_flexcomm.o(i.flexcomm_irq)
    get_clk                                  0x000056e5   Thumb Code    84  lpc546xx_pll.o(i.get_clk)
    get_config                               0x00005741   Thumb Code    96  seekfree_mt9v032.o(i.get_config)
    gpio_get                                 0x000057ad   Thumb Code    18  lpc546xx_gpio.o(i.gpio_get)
    gpio_init                                0x000057c5   Thumb Code   182  lpc546xx_gpio.o(i.gpio_init)
    gpio_set                                 0x0000588d   Thumb Code    42  lpc546xx_gpio.o(i.gpio_set)
    iocon_init                               0x000058bd   Thumb Code    46  lpc546xx_iocon.o(i.iocon_init)
    main                                     0x000058f5   Thumb Code   366  main.o(i.main)
    mrt_pit_init                             0x00005a85   Thumb Code    56  lpc546xx_mrt.o(i.mrt_pit_init)
    mt9v032_cof_uart_interrupt               0x00005ac5   Thumb Code    68  seekfree_mt9v032.o(i.mt9v032_cof_uart_interrupt)
    mt9v032_dma                              0x00005b15   Thumb Code    22  seekfree_mt9v032.o(i.mt9v032_dma)
    mt9v032_vsync                            0x00005b35   Thumb Code    40  seekfree_mt9v032.o(i.mt9v032_vsync)
    my_adapt_threshold                       0x00005b69   Thumb Code   572  seekfree_mt9v032.o(i.my_adapt_threshold)
    my_eeprom_write_word                     0x00005db1   Thumb Code    64  lpc546xx_eeprom.o(i.my_eeprom_write_word)
    myabs                                    0x00005dfd   Thumb Code    14  seekfree_fun.o(i.myabs)
    oled_fill                                0x00005e0b   Thumb Code    58  seekfree_oled.o(i.oled_fill)
    oled_init                                0x00005e45   Thumb Code   236  seekfree_oled.o(i.oled_init)
    oled_p6x8str                             0x00005f35   Thumb Code    96  seekfree_oled.o(i.oled_p6x8str)
    oled_printf_float                        0x00005f99   Thumb Code   206  seekfree_oled.o(i.oled_printf_float)
    oled_set_pos                             0x00006075   Thumb Code    36  seekfree_oled.o(i.oled_set_pos)
    oled_wrcmd                               0x00006099   Thumb Code    32  seekfree_oled.o(i.oled_wrcmd)
    oled_wrdat                               0x000060b9   Thumb Code    32  seekfree_oled.o(i.oled_wrdat)
    pint_init                                0x000060d9   Thumb Code   242  lpc546xx_pint.o(i.pint_init)
    pll_init                                 0x000062d9   Thumb Code   112  lpc546xx_pll.o(i.pll_init)
    sct_camera_dma                           0x00006361   Thumb Code   148  lpc546xx_sct.o(i.sct_camera_dma)
    sct_input_mux                            0x00006405   Thumb Code   458  lpc546xx_sct.o(i.sct_input_mux)
    sct_pwm_duty                             0x000065d9   Thumb Code    96  lpc546xx_sct.o(i.sct_pwm_duty)
    sct_pwm_init                             0x00006649   Thumb Code   372  lpc546xx_sct.o(i.sct_pwm_init)
    sct_pwm_mux                              0x000067e1   Thumb Code   458  lpc546xx_sct.o(i.sct_pwm_mux)
    sct_start                                0x000069ad   Thumb Code    24  lpc546xx_sct.o(i.sct_start)
    spi_init                                 0x000069c9   Thumb Code   194  lpc546xx_spi.o(i.spi_init)
    spi_mosi                                 0x00006a91   Thumb Code   302  lpc546xx_spi.o(i.spi_mosi)
    spi_mux                                  0x00006bc5   Thumb Code  1278  lpc546xx_spi.o(i.spi_mux)
    sqrt                                     0x000070c3   Thumb Code   110  sqrt.o(i.sqrt)
    systick_delay                            0x00007131   Thumb Code    44  lpc546xx_systick.o(i.systick_delay)
    systick_delay_ms                         0x0000715d   Thumb Code    32  lpc546xx_systick.o(i.systick_delay_ms)
    uart_init                                0x00007181   Thumb Code   268  lpc546xx_uart.o(i.uart_init)
    uart_mux                                 0x00007291   Thumb Code   552  lpc546xx_uart.o(i.uart_mux)
    uart_putbuff                             0x000074b9   Thumb Code    30  lpc546xx_uart.o(i.uart_putbuff)
    uart_putchar                             0x000074d9   Thumb Code    32  lpc546xx_uart.o(i.uart_putchar)
    uart_query                               0x000074fd   Thumb Code    38  lpc546xx_uart.o(i.uart_query)
    uart_rx_irq                              0x00007529   Thumb Code   116  lpc546xx_uart.o(i.uart_rx_irq)
    write_syspllctrl                         0x000075a1   Thumb Code   120  lpc546xx_pll.o(i.write_syspllctrl)
    _get_lc_numeric                          0x0000761d   Thumb Code    44  lc_numeric_c.o(locale$$code)
    __aeabi_dneg                             0x00007649   Thumb Code     0  basic.o(x$fpl$basic)
    _dneg                                    0x00007649   Thumb Code     6  basic.o(x$fpl$basic)
    __aeabi_fneg                             0x0000764f   Thumb Code     0  basic.o(x$fpl$basic)
    _fneg                                    0x0000764f   Thumb Code     6  basic.o(x$fpl$basic)
    _dabs                                    0x00007655   Thumb Code     6  basic.o(x$fpl$basic)
    _fabs                                    0x0000765b   Thumb Code     6  basic.o(x$fpl$basic)
    __aeabi_d2f                              0x00007661   Thumb Code     0  d2f.o(x$fpl$d2f)
    _d2f                                     0x00007661   Thumb Code    98  d2f.o(x$fpl$d2f)
    __aeabi_dadd                             0x000076c5   Thumb Code     0  daddsub_clz.o(x$fpl$dadd)
    _dadd                                    0x000076c5   Thumb Code   332  daddsub_clz.o(x$fpl$dadd)
    __fpl_dcheck_NaN1                        0x00007815   Thumb Code    10  dcheck1.o(x$fpl$dcheck1)
    __fpl_dcmp_Inf                           0x00007825   Thumb Code    24  dcmpi.o(x$fpl$dcmpinf)
    __aeabi_ddiv                             0x0000783d   Thumb Code     0  ddiv.o(x$fpl$ddiv)
    _ddiv                                    0x0000783d   Thumb Code   552  ddiv.o(x$fpl$ddiv)
    __aeabi_i2d                              0x00007aed   Thumb Code     0  dflt_clz.o(x$fpl$dflt)
    _dflt                                    0x00007aed   Thumb Code    46  dflt_clz.o(x$fpl$dflt)
    __aeabi_cdcmple                          0x00007b1d   Thumb Code     0  dleqf.o(x$fpl$dleqf)
    _dcmple                                  0x00007b1d   Thumb Code   120  dleqf.o(x$fpl$dleqf)
    __fpl_dcmple_InfNaN                      0x00007b7f   Thumb Code     0  dleqf.o(x$fpl$dleqf)
    __aeabi_dmul                             0x00007b95   Thumb Code     0  dmul.o(x$fpl$dmul)
    _dmul                                    0x00007b95   Thumb Code   332  dmul.o(x$fpl$dmul)
    __fpl_dnaninf                            0x00007ce9   Thumb Code   156  dnaninf.o(x$fpl$dnaninf)
    __fpl_dretinf                            0x00007d85   Thumb Code    12  dretinf.o(x$fpl$dretinf)
    __aeabi_cdrcmple                         0x00007d91   Thumb Code     0  drleqf.o(x$fpl$drleqf)
    _drcmple                                 0x00007d91   Thumb Code   108  drleqf.o(x$fpl$drleqf)
    __aeabi_drsub                            0x00007dfd   Thumb Code     0  daddsub_clz.o(x$fpl$drsb)
    _drsb                                    0x00007dfd   Thumb Code    22  daddsub_clz.o(x$fpl$drsb)
    _dsqrt                                   0x00007e15   Thumb Code   404  dsqrt_umaal.o(x$fpl$dsqrt)
    __aeabi_dsub                             0x00007fad   Thumb Code     0  daddsub_clz.o(x$fpl$dsub)
    _dsub                                    0x00007fad   Thumb Code   464  daddsub_clz.o(x$fpl$dsub)
    __aeabi_f2d                              0x00008181   Thumb Code     0  f2d.o(x$fpl$f2d)
    _f2d                                     0x00008181   Thumb Code    86  f2d.o(x$fpl$f2d)
    __fpl_fnaninf                            0x000081d7   Thumb Code   140  fnaninf.o(x$fpl$fnaninf)
    _fp_init                                 0x00008263   Thumb Code    10  fpinit.o(x$fpl$fpinit)
    __fplib_config_fpu_vfp                   0x0000826b   Thumb Code     0  fpinit.o(x$fpl$fpinit)
    __fplib_config_pureend_doubles           0x0000826b   Thumb Code     0  fpinit.o(x$fpl$fpinit)
    __fpl_fretinf                            0x0000826d   Thumb Code    10  fretinf.o(x$fpl$fretinf)
    _printf_fp_dec                           0x00008277   Thumb Code     4  printf1.o(x$fpl$printf1)
    __fpl_return_NaN                         0x0000827b   Thumb Code   100  retnan.o(x$fpl$retnan)
    __ARM_scalbn                             0x000082df   Thumb Code    92  scalbn.o(x$fpl$scalbn)
    __fpl_cmpreturn                          0x0000833b   Thumb Code    48  trapv.o(x$fpl$trapveneer)
    __I$use$fp                               0x0000836a   Number         0  usenofp.o(x$fpl$usenofp)
    period_ch                                0x0000836c   Data          20  lpc546xx_ctimer.o(.constdata)
    duty_max                                 0x00008380   Data          20  lpc546xx_ctimer.o(.constdata)
    sct_duty_max                             0x00008394   Data          40  lpc546xx_sct.o(.constdata)
    tft_ascii                                0x000083bc   Data        1520  seekfree_font.o(.constdata)
    gImage_qq                                0x000089ac   Data        3200  seekfree_font.o(.constdata)
    chinese_test                             0x0000962c   Data         128  seekfree_font.o(.constdata)
    oled_6x8                                 0x000096ac   Data         552  seekfree_font.o(.constdata)
    oled_8x16                                0x000098d4   Data        1520  seekfree_font.o(.constdata)
    oled_16x16_chinese                       0x00009ec4   Data         128  seekfree_font.o(.constdata)
    __mathlib_zero                           0x00009fe0   Data           8  qnan.o(.constdata)
    Region$$Table$$Base                      0x0000a07c   Number         0  anon$$obj.o(Region$$Table)
    Region$$Table$$Limit                     0x0000a09c   Number         0  anon$$obj.o(Region$$Table)
    cos_sin_search                           0x20000000   Data          44  lpc546xx_adc.o(.data)
    finish_flag                              0x2000002c   Data           1  lpc546xx_adc.o(.data)
    FFT_ADCadcn_ch                           0x2000002d   Data           1  lpc546xx_adc.o(.data)
    FFT_ADCbit                               0x2000002e   Data           1  lpc546xx_adc.o(.data)
    TIMERN                                   0x20000034   Data          20  lpc546xx_ctimer.o(.data)
    FLEXCOMMN                                0x20000048   Data          40  lpc546xx_flexcomm.o(.data)
    main_clk_mhz                             0x20000070   Data           2  lpc546xx_pll.o(.data)
    SPIN                                     0x20000074   Data          40  lpc546xx_spi.o(.data)
    UARTN                                    0x2000009c   Data          40  lpc546xx_uart.o(.data)
    Flag_run                                 0x200000c4   Data           1  isr.o(.data)
    g_nLeft_duty                             0x200000c8   Data           2  selfbuild_control.o(.data)
    g_nRight_duty                            0x200000ca   Data           2  selfbuild_control.o(.data)
    g_nSpeedLeft                             0x200000cc   Data           2  selfbuild_control.o(.data)
    g_nSpeedRight                            0x200000ce   Data           2  selfbuild_control.o(.data)
    g_nSpeedLeft_set                         0x200000d0   Data           2  selfbuild_control.o(.data)
    g_nSpeedRight_set                        0x200000d2   Data           2  selfbuild_control.o(.data)
    pitch                                    0x200000d4   Data           4  selfbuild_control.o(.data)
    roll                                     0x200000d8   Data           4  selfbuild_control.o(.data)
    yaw                                      0x200000dc   Data           4  selfbuild_control.o(.data)
    g_fGyroYRead                             0x200000e0   Data           4  selfbuild_control.o(.data)
    g_fGyroZRead                             0x200000e4   Data           4  selfbuild_control.o(.data)
    g_fGyroXRead                             0x200000e8   Data           4  selfbuild_control.o(.data)
    fGyroY                                   0x200000ec   Data           2  selfbuild_control.o(.data)
    fGyroZ                                   0x200000ee   Data           2  selfbuild_control.o(.data)
    fGyroX                                   0x200000f0   Data           2  selfbuild_control.o(.data)
    Servo_Pk                                 0x200000f4   Data           4  selfbuild_control.o(.data)
    WeightSum                                0x200000f8   Data           4  selfbuild_control.o(.data)
    CenterMeanValue                          0x200000fc   Data           4  selfbuild_control.o(.data)
    CenterSum                                0x20000100   Data           4  selfbuild_control.o(.data)
    LastFilter                               0x20000104   Data           4  selfbuild_control.o(.data)
    ServoPwmAdd                              0x20000108   Data           4  selfbuild_control.o(.data)
    SlopeNear                                0x2000010c   Data           4  selfbuild_control.o(.data)
    SlopeFar                                 0x20000110   Data           4  selfbuild_control.o(.data)
    SlopeGlobal                              0x20000114   Data           4  selfbuild_control.o(.data)
    Weight                                   0x20000118   Data          40  selfbuild_control.o(.data)
    GuaiDian                                 0x20000140   Data           1  selfbuild_control.o(.data)
    LShiZiFlg                                0x20000141   Data           1  selfbuild_control.o(.data)
    RShiZiFlg                                0x20000142   Data           1  selfbuild_control.o(.data)
    ServoPwm                                 0x20000144   Data           4  selfbuild_control.o(.data)
    Flag_Delay                               0x20000148   Data           1  selfbuild_control.o(.data)
    ServoPID                                 0x20000160   Data          40  selfbuild_pid.o(.data)
    Left_motor_pid                           0x20000188   Data          40  selfbuild_pid.o(.data)
    Right_motor_pid                          0x200001b0   Data          40  selfbuild_pid.o(.data)
    Date                                     0x200001d8   Data           2  selfbuild_oledmenu.o(.data)
    Hour                                     0x200001da   Data           2  selfbuild_oledmenu.o(.data)
    Min                                      0x200001dc   Data           2  selfbuild_oledmenu.o(.data)
    i                                        0x200001de   Data           2  selfbuild_oledmenu.o(.data)
    j                                        0x200001e0   Data           2  selfbuild_oledmenu.o(.data)
    qulv_near_right                          0x200001ec   Data           4  imageprocess.o(.data)
    qulv_near_left                           0x200001f0   Data           4  imageprocess.o(.data)
    qulv_global_right                        0x200001f4   Data           4  imageprocess.o(.data)
    qulv_global_left                         0x200001f8   Data           4  imageprocess.o(.data)
    qulv_far_right                           0x200001fc   Data           4  imageprocess.o(.data)
    qulv_far_left                            0x20000200   Data           4  imageprocess.o(.data)
    DuanDian                                 0x20000204   Data           1  imageprocess.o(.data)
    RoadWidth                                0x20000205   Data         100  imageprocess.o(.data)
    receive                                  0x2000026a   Data           3  seekfree_mt9v032.o(.data)
    receive_num                              0x2000026d   Data           1  seekfree_mt9v032.o(.data)
    uart_receive_flag                        0x2000026e   Data           1  seekfree_mt9v032.o(.data)
    Threshold_Value                          0x20000270   Data           2  seekfree_mt9v032.o(.data)
    MT9V032_CFG                              0x20000272   Data          36  seekfree_mt9v032.o(.data)
    GET_CFG                                  0x20000296   Data          32  seekfree_mt9v032.o(.data)
    mt9v032_finish_flag                      0x200002b6   Data           1  seekfree_mt9v032.o(.data)
    adc_data_buff                            0x200002b8   Data         200  lpc546xx_adc.o(.bss)
    ADC_Process                              0x20000380   Data         400  lpc546xx_adc.o(.bss)
    s_dma_descriptor_table                   0x20000600   Data         480  lpc546xx_dma.o(.bss)
    Menu                                     0x200007e0   Data         440  selfbuild_oledmenu.o(.bss)
    Copy_Data                                0x20000998   Data          64  selfbuild_oledmenu.o(.bss)
    Copy_Type                                0x200009d8   Data          16  selfbuild_oledmenu.o(.bss)
    ZERO                                     0x200009e8   Data         128  selfbuild_oledmenu.o(.bss)
    AD_Data                                  0x20000a78   Data          10  selfbuild_electron_calcu.o(.bss)
    CenterPoint                              0x20000a82   Data         100  imageprocess.o(.bss)
    RdiuxianFlg                              0x20000ae6   Data         100  imageprocess.o(.bss)
    LdiuxianFlg                              0x20000b4a   Data         100  imageprocess.o(.bss)
    CameraBinary                             0x20000bae   Data       22560  seekfree_mt9v032.o(.bss)
    image                                    0x200063ce   Data       22560  seekfree_mt9v032.o(.bss)
    __libspace_start                         0x2000bbf0   Data          96  libspace.o(.bss)
    __temporary_stack_top$libspace           0x2000bc50   Data           0  libspace.o(.bss)



==============================================================================

Memory Map of the image

  Image Entry point : 0x00000125

  Load Region LR_IROM2 (Base: 0x00000000, Size: 0x0000a370, Max: 0x00080000, ABSOLUTE, COMPRESSED[0x0000a1c4])

    Execution Region ER_IROM2 (Base: 0x00000000, Size: 0x0000a0b8, Max: 0x00080000, ABSOLUTE)

    Base Addr    Size         Type   Attr      Idx    E Section Name        Object

    0x00000000   0x00000124   Data   RO            3    RESET               startup_lpc54606.o
    0x00000124   0x00000008   Code   RO         3282  * !!!main             c_w.l(__main.o)
    0x0000012c   0x00000034   Code   RO         3842    !!!scatter          c_w.l(__scatter.o)
    0x00000160   0x0000005a   Code   RO         3840    !!dczerorl2         c_w.l(__dczerorl2.o)
    0x000001ba   0x00000002   PAD
    0x000001bc   0x0000001c   Code   RO         3844    !!handler_zi        c_w.l(__scatter_zi.o)
    0x000001d8   0x00000000   Code   RO         3269    .ARM.Collect$$_printf_percent$$00000000  c_w.l(_printf_percent.o)
    0x000001d8   0x00000006   Code   RO         3268    .ARM.Collect$$_printf_percent$$00000003  c_w.l(_printf_f.o)
    0x000001de   0x00000004   Code   RO         3389    .ARM.Collect$$_printf_percent$$00000017  c_w.l(_printf_percent_end.o)
    0x000001e2   0x00000002   Code   RO         3631    .ARM.Collect$$libinit$$00000000  c_w.l(libinit.o)
    0x000001e4   0x00000004   Code   RO         3632    .ARM.Collect$$libinit$$00000001  c_w.l(libinit2.o)
    0x000001e8   0x00000000   Code   RO         3635    .ARM.Collect$$libinit$$00000004  c_w.l(libinit2.o)
    0x000001e8   0x00000000   Code   RO         3638    .ARM.Collect$$libinit$$0000000A  c_w.l(libinit2.o)
    0x000001e8   0x00000000   Code   RO         3640    .ARM.Collect$$libinit$$0000000C  c_w.l(libinit2.o)
    0x000001e8   0x00000000   Code   RO         3642    .ARM.Collect$$libinit$$0000000E  c_w.l(libinit2.o)
    0x000001e8   0x00000006   Code   RO         3643    .ARM.Collect$$libinit$$0000000F  c_w.l(libinit2.o)
    0x000001ee   0x00000000   Code   RO         3645    .ARM.Collect$$libinit$$00000011  c_w.l(libinit2.o)
    0x000001ee   0x00000000   Code   RO         3647    .ARM.Collect$$libinit$$00000013  c_w.l(libinit2.o)
    0x000001ee   0x00000000   Code   RO         3649    .ARM.Collect$$libinit$$00000015  c_w.l(libinit2.o)
    0x000001ee   0x0000000a   Code   RO         3650    .ARM.Collect$$libinit$$00000016  c_w.l(libinit2.o)
    0x000001f8   0x00000000   Code   RO         3651    .ARM.Collect$$libinit$$00000017  c_w.l(libinit2.o)
    0x000001f8   0x00000000   Code   RO         3653    .ARM.Collect$$libinit$$00000019  c_w.l(libinit2.o)
    0x000001f8   0x00000000   Code   RO         3655    .ARM.Collect$$libinit$$0000001B  c_w.l(libinit2.o)
    0x000001f8   0x00000000   Code   RO         3657    .ARM.Collect$$libinit$$0000001D  c_w.l(libinit2.o)
    0x000001f8   0x00000000   Code   RO         3659    .ARM.Collect$$libinit$$0000001F  c_w.l(libinit2.o)
    0x000001f8   0x00000000   Code   RO         3661    .ARM.Collect$$libinit$$00000021  c_w.l(libinit2.o)
    0x000001f8   0x00000000   Code   RO         3663    .ARM.Collect$$libinit$$00000023  c_w.l(libinit2.o)
    0x000001f8   0x00000000   Code   RO         3665    .ARM.Collect$$libinit$$00000025  c_w.l(libinit2.o)
    0x000001f8   0x00000000   Code   RO         3669    .ARM.Collect$$libinit$$0000002C  c_w.l(libinit2.o)
    0x000001f8   0x00000000   Code   RO         3671    .ARM.Collect$$libinit$$0000002E  c_w.l(libinit2.o)
    0x000001f8   0x00000000   Code   RO         3673    .ARM.Collect$$libinit$$00000030  c_w.l(libinit2.o)
    0x000001f8   0x00000000   Code   RO         3675    .ARM.Collect$$libinit$$00000032  c_w.l(libinit2.o)
    0x000001f8   0x00000002   Code   RO         3676    .ARM.Collect$$libinit$$00000033  c_w.l(libinit2.o)
    0x000001fa   0x00000002   Code   RO         3821    .ARM.Collect$$libshutdown$$00000000  c_w.l(libshutdown.o)
    0x000001fc   0x00000000   Code   RO         3678    .ARM.Collect$$libshutdown$$00000002  c_w.l(libshutdown2.o)
    0x000001fc   0x00000000   Code   RO         3680    .ARM.Collect$$libshutdown$$00000004  c_w.l(libshutdown2.o)
    0x000001fc   0x00000000   Code   RO         3683    .ARM.Collect$$libshutdown$$00000007  c_w.l(libshutdown2.o)
    0x000001fc   0x00000000   Code   RO         3686    .ARM.Collect$$libshutdown$$0000000A  c_w.l(libshutdown2.o)
    0x000001fc   0x00000000   Code   RO         3688    .ARM.Collect$$libshutdown$$0000000C  c_w.l(libshutdown2.o)
    0x000001fc   0x00000000   Code   RO         3691    .ARM.Collect$$libshutdown$$0000000F  c_w.l(libshutdown2.o)
    0x000001fc   0x00000002   Code   RO         3692    .ARM.Collect$$libshutdown$$00000010  c_w.l(libshutdown2.o)
    0x000001fe   0x00000000   Code   RO         3372    .ARM.Collect$$rtentry$$00000000  c_w.l(__rtentry.o)
    0x000001fe   0x00000000   Code   RO         3455    .ARM.Collect$$rtentry$$00000002  c_w.l(__rtentry2.o)
    0x000001fe   0x00000006   Code   RO         3467    .ARM.Collect$$rtentry$$00000004  c_w.l(__rtentry4.o)
    0x00000204   0x00000000   Code   RO         3457    .ARM.Collect$$rtentry$$00000009  c_w.l(__rtentry2.o)
    0x00000204   0x00000004   Code   RO         3458    .ARM.Collect$$rtentry$$0000000A  c_w.l(__rtentry2.o)
    0x00000208   0x00000000   Code   RO         3460    .ARM.Collect$$rtentry$$0000000C  c_w.l(__rtentry2.o)
    0x00000208   0x00000008   Code   RO         3461    .ARM.Collect$$rtentry$$0000000D  c_w.l(__rtentry2.o)
    0x00000210   0x00000002   Code   RO         3700    .ARM.Collect$$rtexit$$00000000  c_w.l(rtexit.o)
    0x00000212   0x00000000   Code   RO         3762    .ARM.Collect$$rtexit$$00000002  c_w.l(rtexit2.o)
    0x00000212   0x00000004   Code   RO         3763    .ARM.Collect$$rtexit$$00000003  c_w.l(rtexit2.o)
    0x00000216   0x00000006   Code   RO         3764    .ARM.Collect$$rtexit$$00000004  c_w.l(rtexit2.o)
    0x0000021c   0x00000208   Code   RO            4    .text               startup_lpc54606.o
    0x00000424   0x00000048   Code   RO         3206    .text               c_w.l(llsdiv.o)
    0x0000046c   0x0000002c   Code   RO         3210    .text               c_w.l(__2sprintf.o)
    0x00000498   0x00000138   Code   RO         3257    .text               c_w.l(__printf_flags_wp.o)
    0x000005d0   0x00000044   Code   RO         3276    .text               c_w.l(rt_memclr.o)
    0x00000614   0x0000004e   Code   RO         3278    .text               c_w.l(rt_memclr_w.o)
    0x00000662   0x00000006   Code   RO         3280    .text               c_w.l(heapauxi.o)
    0x00000668   0x000000ee   Code   RO         3373    .text               c_w.l(lludivv7m.o)
    0x00000756   0x00000016   Code   RO         3375    .text               c_w.l(_rserrno.o)
    0x0000076c   0x0000041a   Code   RO         3379    .text               c_w.l(_printf_fp_dec.o)
    0x00000b86   0x00000002   PAD
    0x00000b88   0x00000030   Code   RO         3381    .text               c_w.l(_printf_char_common.o)
    0x00000bb8   0x0000000a   Code   RO         3383    .text               c_w.l(_sputc.o)
    0x00000bc2   0x00000002   PAD
    0x00000bc4   0x00000008   Code   RO         3476    .text               c_w.l(rt_locale_intlibspace.o)
    0x00000bcc   0x00000008   Code   RO         3481    .text               c_w.l(rt_errno_addr_intlibspace.o)
    0x00000bd4   0x0000008a   Code   RO         3483    .text               c_w.l(lludiv10.o)
    0x00000c5e   0x00000002   PAD
    0x00000c60   0x00000080   Code   RO         3485    .text               c_w.l(_printf_fp_infnan.o)
    0x00000ce0   0x000000dc   Code   RO         3489    .text               c_w.l(bigflt0.o)
    0x00000dbc   0x00000008   Code   RO         3540    .text               c_w.l(libspace.o)
    0x00000dc4   0x0000004a   Code   RO         3545    .text               c_w.l(sys_stackheap_outer.o)
    0x00000e0e   0x00000012   Code   RO         3618    .text               c_w.l(exit.o)
    0x00000e20   0x00000080   Code   RO         3624    .text               c_w.l(strcmpv7m.o)
    0x00000ea0   0x00000002   Code   RO         3697    .text               c_w.l(use_no_semi.o)
    0x00000ea2   0x00000000   Code   RO         3699    .text               c_w.l(indicate_semi.o)
    0x00000ea2   0x00000002   PAD
    0x00000ea4   0x0000000c   Code   RO         3759    .text               c_w.l(sys_exit.o)
    0x00000eb0   0x0000003e   Code   RO         3492    CL$$btod_d2e        c_w.l(btod.o)
    0x00000eee   0x00000046   Code   RO         3494    CL$$btod_d2e_denorm_low  c_w.l(btod.o)
    0x00000f34   0x00000060   Code   RO         3493    CL$$btod_d2e_norm_op1  c_w.l(btod.o)
    0x00000f94   0x00000338   Code   RO         3502    CL$$btod_div_common  c_w.l(btod.o)
    0x000012cc   0x000000c6   Code   RO         3499    CL$$btod_e2e        c_w.l(btod.o)
    0x00001392   0x00000028   Code   RO         3496    CL$$btod_ediv       c_w.l(btod.o)
    0x000013ba   0x00000028   Code   RO         3495    CL$$btod_emul       c_w.l(btod.o)
    0x000013e2   0x00000244   Code   RO         3501    CL$$btod_mult_common  c_w.l(btod.o)
    0x00001626   0x00000038   Code   RO         1869    i.BM_get            selfbuild_control.o
    0x0000165e   0x00000044   Code   RO         2247    i.Button_Get        selfbuild_oledmenu.o
    0x000016a2   0x00000002   PAD
    0x000016a4   0x00000180   Code   RO         1870    i.Button_get        selfbuild_control.o
    0x00001824   0x00000002   Code   RO          306    i.CTIMER1_DriverIRQHandler  lpc546xx_ctimer.o
    0x00001826   0x00000002   Code   RO          307    i.CTIMER2_DriverIRQHandler  lpc546xx_ctimer.o
    0x00001828   0x00000002   Code   RO          308    i.CTIMER3_DriverIRQHandler  lpc546xx_ctimer.o
    0x0000182a   0x00000002   Code   RO          309    i.CTIMER4_DriverIRQHandler  lpc546xx_ctimer.o
    0x0000182c   0x000000b8   Code   RO         2332    i.CenterSlope       imageprocess.o
    0x000018e4   0x0000001c   Code   RO         1800    i.DMA0_DriverIRQHandler  isr.o
    0x00001900   0x00000040   Code   RO         1801    i.FLEXCOMM5_DriverIRQHandler  isr.o
    0x00001940   0x0000001e   Code   RO         2809    i.GrayscaleToBinary  seekfree_mt9v032.o
    0x0000195e   0x00000004   Code   RO           12    i.HardFault_Handler  system_lpc54606.o
    0x00001962   0x00000002   PAD
    0x00001964   0x00000114   Code   RO         1802    i.MRT0_DriverIRQHandler  isr.o
    0x00001a78   0x0000006c   Code   RO          832    i.M_divider         lpc546xx_pll.o
    0x00001ae4   0x00000074   Code   RO         2248    i.Menu_Data_Init    selfbuild_oledmenu.o
    0x00001b58   0x00000074   Code   RO         2249    i.Menu_HomePage_Show  selfbuild_oledmenu.o
    0x00001bcc   0x00000320   Code   RO         2250    i.Menu_Init         selfbuild_oledmenu.o
    0x00001eec   0x00000158   Code   RO         2251    i.Menu_SubPage_Show  selfbuild_oledmenu.o
    0x00002044   0x00000c18   Code   RO         2252    i.Menu_Work         selfbuild_oledmenu.o
    0x00002c5c   0x00000002   Code   RO           13    i.NMI_Handler       system_lpc54606.o
    0x00002c5e   0x00000002   PAD
    0x00002c60   0x00000018   Code   RO          516    i.NVIC_DisableIRQ   lpc546xx_flexcomm.o
    0x00002c78   0x00000016   Code   RO          517    i.NVIC_EnableIRQ    lpc546xx_flexcomm.o
    0x00002c8e   0x00000016   Code   RO         1844    i.NVIC_EnableIRQ    main.o
    0x00002ca4   0x00000016   Code   RO         2810    i.NVIC_EnableIRQ    seekfree_mt9v032.o
    0x00002cba   0x00000002   PAD
    0x00002cbc   0x00000028   Code   RO         2811    i.NVIC_SetPriority  seekfree_mt9v032.o
    0x00002ce4   0x00000070   Code   RO          833    i.N_divider         lpc546xx_pll.o
    0x00002d54   0x000000d8   Code   RO         2998    i.OLED_P6x8Int      seekfree_oled.o
    0x00002e2c   0x0000001c   Code   RO         2999    i.OLED_PinInit      seekfree_oled.o
    0x00002e48   0x0000006e   Code   RO         3000    i.OLED_PrintBinary  seekfree_oled.o
    0x00002eb6   0x00000002   PAD
    0x00002eb8   0x00000170   Code   RO         1872    i.Oled_showGPRO     selfbuild_control.o
    0x00003028   0x00000134   Code   RO         1873    i.Oledshow          selfbuild_control.o
    0x0000315c   0x000000ca   Code   RO         2123    i.PID_Incremental   selfbuild_pid.o
    0x00003226   0x00000002   PAD
    0x00003228   0x00000038   Code   RO         2124    i.PID_Parameter_Init  selfbuild_pid.o
    0x00003260   0x000000ec   Code   RO         2125    i.PID_Positional    selfbuild_pid.o
    0x0000334c   0x00000008   Code   RO         1803    i.PIN_INT7_DriverIRQHandler  isr.o
    0x00003354   0x0000006c   Code   RO         1874    i.PWM_OUT           selfbuild_control.o
    0x000033c0   0x00000064   Code   RO          834    i.P_divider         lpc546xx_pll.o
    0x00003424   0x00000074   Code   RO          102    i.RIT_DriverIRQHandler  lpc546xx_adc.o
    0x00003498   0x000003ac   Code   RO         2333    i.ScanLine          imageprocess.o
    0x00003844   0x000000d8   Code   RO         1875    i.ServoControl      selfbuild_control.o
    0x0000391c   0x000001b0   Code   RO         1876    i.ServoErrorCalcu   selfbuild_control.o
    0x00003acc   0x00000058   Code   RO         1877    i.Speed_read        selfbuild_control.o
    0x00003b24   0x000000dc   Code   RO           14    i.SystemInit        system_lpc54606.o
    0x00003c00   0x00000030   Code   RO         3449    i.__ARM_fpclassify  m_wm.l(fpclassify.o)
    0x00003c30   0x00000c50   Code   RO         3346    i.__hardfp_pow      m_wm.l(pow.o)
    0x00004880   0x000000f8   Code   RO         3451    i.__kernel_poly     m_wm.l(poly.o)
    0x00004978   0x00000030   Code   RO         3429    i.__mathlib_dbl_divzero  m_wm.l(dunder.o)
    0x000049a8   0x00000014   Code   RO         3431    i.__mathlib_dbl_infnan2  m_wm.l(dunder.o)
    0x000049bc   0x00000004   PAD
    0x000049c0   0x00000020   Code   RO         3432    i.__mathlib_dbl_invalid  m_wm.l(dunder.o)
    0x000049e0   0x00000020   Code   RO         3433    i.__mathlib_dbl_overflow  m_wm.l(dunder.o)
    0x00004a00   0x00000020   Code   RO         3435    i.__mathlib_dbl_underflow  m_wm.l(dunder.o)
    0x00004a20   0x0000000e   Code   RO         3255    i._is_digit         c_w.l(__printf_wp.o)
    0x00004a2e   0x00000002   PAD
    0x00004a30   0x00000084   Code   RO          105    i.adc_get_once      lpc546xx_adc.o
    0x00004ab4   0x000000b0   Code   RO         1879    i.adcshow           selfbuild_control.o
    0x00004b64   0x000000ec   Code   RO         2812    i.camera_init       seekfree_mt9v032.o
    0x00004c50   0x00000078   Code   RO          317    i.ctimer_clock      lpc546xx_ctimer.o
    0x00004cc8   0x0000001c   Code   RO          318    i.ctimer_count_clean  lpc546xx_ctimer.o
    0x00004ce4   0x000000a8   Code   RO          319    i.ctimer_count_init  lpc546xx_ctimer.o
    0x00004d8c   0x0000001c   Code   RO          320    i.ctimer_count_read  lpc546xx_ctimer.o
    0x00004da8   0x0000018e   Code   RO          321    i.ctimer_countmux   lpc546xx_ctimer.o
    0x00004f36   0x00000002   PAD
    0x00004f38   0x000000a4   Code   RO          322    i.ctimer_pwm_duty   lpc546xx_ctimer.o
    0x00004fdc   0x0000018c   Code   RO          324    i.ctimer_pwm_init   lpc546xx_ctimer.o
    0x00005168   0x000001ee   Code   RO          325    i.ctimer_pwmmux     lpc546xx_ctimer.o
    0x00005356   0x00000002   PAD
    0x00005358   0x0000012c   Code   RO          447    i.dam_init_linked   lpc546xx_dma.o
    0x00005484   0x0000005c   Code   RO         2813    i.dma_reload_linked  seekfree_mt9v032.o
    0x000054e0   0x0000007c   Code   RO          478    i.eeprom_init       lpc546xx_eeprom.o
    0x0000555c   0x00000018   Code   RO         3445    i.fabs              m_wm.l(fabs.o)
    0x00005574   0x0000001a   Code   RO          835    i.findPllMMult      lpc546xx_pll.o
    0x0000558e   0x00000020   Code   RO          836    i.findPllPostDiv    lpc546xx_pll.o
    0x000055ae   0x00000020   Code   RO          837    i.findPllPreDiv     lpc546xx_pll.o
    0x000055ce   0x00000002   PAD
    0x000055d0   0x000000d0   Code   RO          518    i.flexcomm_clk_enable  lpc546xx_flexcomm.o
    0x000056a0   0x0000000c   Code   RO          519    i.flexcomm_get_clk  lpc546xx_flexcomm.o
    0x000056ac   0x00000038   Code   RO          520    i.flexcomm_irq      lpc546xx_flexcomm.o
    0x000056e4   0x0000005c   Code   RO          838    i.get_clk           lpc546xx_pll.o
    0x00005740   0x0000006c   Code   RO         2814    i.get_config        seekfree_mt9v032.o
    0x000057ac   0x00000018   Code   RO          607    i.gpio_get          lpc546xx_gpio.o
    0x000057c4   0x000000c8   Code   RO          608    i.gpio_init         lpc546xx_gpio.o
    0x0000588c   0x00000030   Code   RO          610    i.gpio_set          lpc546xx_gpio.o
    0x000058bc   0x00000038   Code   RO          703    i.iocon_init        lpc546xx_iocon.o
    0x000058f4   0x00000190   Code   RO         1845    i.main              main.o
    0x00005a84   0x00000040   Code   RO         1648    i.mrt_pit_init      lpc546xx_mrt.o
    0x00005ac4   0x00000050   Code   RO         2816    i.mt9v032_cof_uart_interrupt  seekfree_mt9v032.o
    0x00005b14   0x00000020   Code   RO         2817    i.mt9v032_dma       seekfree_mt9v032.o
    0x00005b34   0x00000034   Code   RO         2818    i.mt9v032_vsync     seekfree_mt9v032.o
    0x00005b68   0x00000248   Code   RO         2819    i.my_adapt_threshold  seekfree_mt9v032.o
    0x00005db0   0x0000004c   Code   RO          481    i.my_eeprom_write_word  lpc546xx_eeprom.o
    0x00005dfc   0x0000000e   Code   RO         2612    i.myabs             seekfree_fun.o
    0x00005e0a   0x0000003a   Code   RO         3003    i.oled_fill         seekfree_oled.o
    0x00005e44   0x000000f0   Code   RO         3005    i.oled_init         seekfree_oled.o
    0x00005f34   0x00000064   Code   RO         3007    i.oled_p6x8str      seekfree_oled.o
    0x00005f98   0x000000dc   Code   RO         3010    i.oled_printf_float  seekfree_oled.o
    0x00006074   0x00000024   Code   RO         3013    i.oled_set_pos      seekfree_oled.o
    0x00006098   0x00000020   Code   RO         3016    i.oled_wrcmd        seekfree_oled.o
    0x000060b8   0x00000020   Code   RO         3017    i.oled_wrdat        seekfree_oled.o
    0x000060d8   0x000000fc   Code   RO          734    i.pint_init         lpc546xx_pint.o
    0x000061d4   0x0000005a   Code   RO          839    i.pllDecodeM        lpc546xx_pll.o
    0x0000622e   0x0000005c   Code   RO          840    i.pllDecodeN        lpc546xx_pll.o
    0x0000628a   0x0000004e   Code   RO          841    i.pllDecodeP        lpc546xx_pll.o
    0x000062d8   0x00000088   Code   RO          842    i.pll_init          lpc546xx_pll.o
    0x00006360   0x000000a4   Code   RO          918    i.sct_camera_dma    lpc546xx_sct.o
    0x00006404   0x000001d4   Code   RO          919    i.sct_input_mux     lpc546xx_sct.o
    0x000065d8   0x00000070   Code   RO          920    i.sct_pwm_duty      lpc546xx_sct.o
    0x00006648   0x00000198   Code   RO          921    i.sct_pwm_init      lpc546xx_sct.o
    0x000067e0   0x000001ca   Code   RO          922    i.sct_pwm_mux       lpc546xx_sct.o
    0x000069aa   0x00000002   PAD
    0x000069ac   0x0000001c   Code   RO          924    i.sct_start         lpc546xx_sct.o
    0x000069c8   0x000000c8   Code   RO          983    i.spi_init          lpc546xx_spi.o
    0x00006a90   0x00000134   Code   RO          984    i.spi_mosi          lpc546xx_spi.o
    0x00006bc4   0x000004fe   Code   RO          986    i.spi_mux           lpc546xx_spi.o
    0x000070c2   0x0000006e   Code   RO         3362    i.sqrt              m_wm.l(sqrt.o)
    0x00007130   0x0000002c   Code   RO         1024    i.systick_delay     lpc546xx_systick.o
    0x0000715c   0x00000024   Code   RO         1025    i.systick_delay_ms  lpc546xx_systick.o
    0x00007180   0x00000110   Code   RO         1063    i.uart_init         lpc546xx_uart.o
    0x00007290   0x00000228   Code   RO         1064    i.uart_mux          lpc546xx_uart.o
    0x000074b8   0x0000001e   Code   RO         1065    i.uart_putbuff      lpc546xx_uart.o
    0x000074d6   0x00000002   PAD
    0x000074d8   0x00000024   Code   RO         1066    i.uart_putchar      lpc546xx_uart.o
    0x000074fc   0x0000002c   Code   RO         1068    i.uart_query        lpc546xx_uart.o
    0x00007528   0x00000078   Code   RO         1069    i.uart_rx_irq       lpc546xx_uart.o
    0x000075a0   0x0000007c   Code   RO          843    i.write_syspllctrl  lpc546xx_pll.o
    0x0000761c   0x0000002c   Code   RO         3529    locale$$code        c_w.l(lc_numeric_c.o)
    0x00007648   0x00000018   Code   RO         3398    x$fpl$basic         fz_wm.l(basic.o)
    0x00007660   0x00000062   Code   RO         3284    x$fpl$d2f           fz_wm.l(d2f.o)
    0x000076c2   0x00000002   PAD
    0x000076c4   0x00000150   Code   RO         3286    x$fpl$dadd          fz_wm.l(daddsub_clz.o)
    0x00007814   0x00000010   Code   RO         3531    x$fpl$dcheck1       fz_wm.l(dcheck1.o)
    0x00007824   0x00000018   Code   RO         3400    x$fpl$dcmpinf       fz_wm.l(dcmpi.o)
    0x0000783c   0x000002b0   Code   RO         3293    x$fpl$ddiv          fz_wm.l(ddiv.o)
    0x00007aec   0x0000002e   Code   RO         3303    x$fpl$dflt          fz_wm.l(dflt_clz.o)
    0x00007b1a   0x00000002   PAD
    0x00007b1c   0x00000078   Code   RO         3308    x$fpl$dleqf         fz_wm.l(dleqf.o)
    0x00007b94   0x00000154   Code   RO         3310    x$fpl$dmul          fz_wm.l(dmul.o)
    0x00007ce8   0x0000009c   Code   RO         3402    x$fpl$dnaninf       fz_wm.l(dnaninf.o)
    0x00007d84   0x0000000c   Code   RO         3404    x$fpl$dretinf       fz_wm.l(dretinf.o)
    0x00007d90   0x0000006c   Code   RO         3312    x$fpl$drleqf        fz_wm.l(drleqf.o)
    0x00007dfc   0x00000016   Code   RO         3287    x$fpl$drsb          fz_wm.l(daddsub_clz.o)
    0x00007e12   0x00000002   PAD
    0x00007e14   0x00000198   Code   RO         3406    x$fpl$dsqrt         fz_wm.l(dsqrt_umaal.o)
    0x00007fac   0x000001d4   Code   RO         3288    x$fpl$dsub          fz_wm.l(daddsub_clz.o)
    0x00008180   0x00000056   Code   RO         3314    x$fpl$f2d           fz_wm.l(f2d.o)
    0x000081d6   0x0000008c   Code   RO         3408    x$fpl$fnaninf       fz_wm.l(fnaninf.o)
    0x00008262   0x0000000a   Code   RO         3755    x$fpl$fpinit        fz_wm.l(fpinit.o)
    0x0000826c   0x0000000a   Code   RO         3410    x$fpl$fretinf       fz_wm.l(fretinf.o)
    0x00008276   0x00000004   Code   RO         3318    x$fpl$printf1       fz_wm.l(printf1.o)
    0x0000827a   0x00000064   Code   RO         3695    x$fpl$retnan        fz_wm.l(retnan.o)
    0x000082de   0x0000005c   Code   RO         3412    x$fpl$scalbn        fz_wm.l(scalbn.o)
    0x0000833a   0x00000030   Code   RO         3757    x$fpl$trapveneer    fz_wm.l(trapv.o)
    0x0000836a   0x00000000   Code   RO         3414    x$fpl$usenofp       fz_wm.l(usenofp.o)
    0x0000836a   0x00000002   PAD
    0x0000836c   0x00000028   Data   RO          326    .constdata          lpc546xx_ctimer.o
    0x00008394   0x00000028   Data   RO          926    .constdata          lpc546xx_sct.o
    0x000083bc   0x00001b88   Data   RO         2589    .constdata          seekfree_font.o
    0x00009f44   0x00000011   Data   RO         3258    .constdata          c_w.l(__printf_flags_wp.o)
    0x00009f55   0x00000003   PAD
    0x00009f58   0x00000088   Data   RO         3349    .constdata          m_wm.l(pow.o)
    0x00009fe0   0x00000008   Data   RO         3453    .constdata          m_wm.l(qnan.o)
    0x00009fe8   0x00000094   Data   RO         3490    .constdata          c_w.l(bigflt0.o)
    0x0000a07c   0x00000020   Data   RO         3838    Region$$Table       anon$$obj.o
    0x0000a09c   0x0000001c   Data   RO         3528    locale$$data        c_w.l(lc_numeric_c.o)


    Execution Region RW_IRAM1 (Base: 0x04000000, Size: 0x00000000, Max: 0x00008000, ABSOLUTE)

    **** No section assigned to this execution region ****


    Execution Region RW_IRAM2 (Base: 0x20000000, Size: 0x0000ec50, Max: 0x00028000, ABSOLUTE, COMPRESSED[0x0000010c])

    Base Addr    Size         Type   Attr      Idx    E Section Name        Object

    0x20000000   0x00000032   Data   RW          110    .data               lpc546xx_adc.o
    0x20000032   0x00000002   PAD
    0x20000034   0x00000014   Data   RW          327    .data               lpc546xx_ctimer.o
    0x20000048   0x00000028   Data   RW          521    .data               lpc546xx_flexcomm.o
    0x20000070   0x00000002   Data   RW          844    .data               lpc546xx_pll.o
    0x20000072   0x00000002   PAD
    0x20000074   0x00000028   Data   RW          987    .data               lpc546xx_spi.o
    0x2000009c   0x00000028   Data   RW         1071    .data               lpc546xx_uart.o
    0x200000c4   0x00000001   Data   RW         1804    .data               isr.o
    0x200000c5   0x00000003   PAD
    0x200000c8   0x00000097   Data   RW         1882    .data               selfbuild_control.o
    0x2000015f   0x00000001   PAD
    0x20000160   0x00000078   Data   RW         2126    .data               selfbuild_pid.o
    0x200001d8   0x00000014   Data   RW         2254    .data               selfbuild_oledmenu.o
    0x200001ec   0x0000007d   Data   RW         2335    .data               imageprocess.o
    0x20000269   0x00000001   PAD
    0x2000026a   0x0000004d   Data   RW         2824    .data               seekfree_mt9v032.o
    0x200002b7   0x00000001   PAD
    0x200002b8   0x00000258   Zero   RW          109    .bss                lpc546xx_adc.o
    0x20000510   0x000000f0   PAD
    0x20000600   0x000001e0   Zero   RW          448    .bss                lpc546xx_dma.o
    0x200007e0   0x00000298   Zero   RW         2253    .bss                selfbuild_oledmenu.o
    0x20000a78   0x0000000a   Zero   RW         2302    .bss                selfbuild_electron_calcu.o
    0x20000a82   0x0000012c   Zero   RW         2334    .bss                imageprocess.o
    0x20000bae   0x0000b040   Zero   RW         2823    .bss                seekfree_mt9v032.o
    0x2000bbee   0x00000002   PAD
    0x2000bbf0   0x00000060   Zero   RW         3541    .bss                c_w.l(libspace.o)
    0x2000bc50   0x00001000   Zero   RW            2    HEAP                startup_lpc54606.o
    0x2000cc50   0x00002000   Zero   RW            1    STACK               startup_lpc54606.o



  Load Region LR_IROM1 (Base: 0x40108000, Size: 0x00000000, Max: 0x00004000, ABSOLUTE)

    Execution Region ER_IROM1 (Base: 0x40108000, Size: 0x00000000, Max: 0x00004000, ABSOLUTE)

    **** No section assigned to this execution region ****


==============================================================================

Image component sizes


      Code (inc. data)   RO Data    RW Data    ZI Data      Debug   Object Name

      1124         54          0        125        300       3157   imageprocess.o
       376         50          0          1          0       2196   isr.o
       248         34          0         50        600      39262   lpc546xx_adc.o
      1804         82         40         20          0      34305   lpc546xx_ctimer.o
       300         32          0          0        480       2959   lpc546xx_dma.o
       200         40          0          0          0       1509   lpc546xx_eeprom.o
       322         34          0         40          0       3200   lpc546xx_flexcomm.o
       272         30          0          0          0       1882   lpc546xx_gpio.o
        56         10          0          0          0        601   lpc546xx_iocon.o
        64          8          0          0          0      27026   lpc546xx_mrt.o
       252         10          0          0          0        748   lpc546xx_pint.o
      1022         60          0          2          0       7527   lpc546xx_pll.o
      1638        100         40          0          0       5324   lpc546xx_sct.o
      1786         22          0         40          0       4067   lpc546xx_spi.o
        80          4          0          0          0       1063   lpc546xx_systick.o
      1054         28          0         40          0       5052   lpc546xx_uart.o
       422         34          0          0          0       1027   main.o
         0          0          0          0          0      27892   seekfree_7725.o
         0          0       7048          0          0        817   seekfree_font.o
        14          0          0          0          0        536   seekfree_fun.o
      1276         98          0         77      45120       7518   seekfree_mt9v032.o
      1072         28          0          0          0       7222   seekfree_oled.o
      2136        288          0        151          0       8039   selfbuild_control.o
         0          0          0          0         10        214   selfbuild_electron_calcu.o
      4540        248          0         20        664       6834   selfbuild_oledmenu.o
       494         20          0        120          0       2995   selfbuild_pid.o
       520        254        292          0      12288       3604   startup_lpc54606.o
       226         18          0          0          0     532223   system_lpc54606.o

    ----------------------------------------------------------------------
     21320       1586       7452        696      59704     738799   Object Totals
         0          0         32          0          0          0   (incl. Generated)
        22          0          0         10        242          0   (incl. Padding)

    ----------------------------------------------------------------------

      Code (inc. data)   RO Data    RW Data    ZI Data      Debug   Library Member Name

        44          6          0          0          0         84   __2sprintf.o
        90          0          0          0          0          0   __dczerorl2.o
         8          0          0          0          0         68   __main.o
       312          4         17          0          0         92   __printf_flags_wp.o
        14          0          0          0          0         68   __printf_wp.o
         0          0          0          0          0          0   __rtentry.o
        12          0          0          0          0          0   __rtentry2.o
         6          0          0          0          0          0   __rtentry4.o
        52          8          0          0          0          0   __scatter.o
        28          0          0          0          0          0   __scatter_zi.o
        48          6          0          0          0         96   _printf_char_common.o
         6          0          0          0          0          0   _printf_f.o
      1050          0          0          0          0        216   _printf_fp_dec.o
       128         16          0          0          0         84   _printf_fp_infnan.o
         0          0          0          0          0          0   _printf_percent.o
         4          0          0          0          0          0   _printf_percent_end.o
        22          0          0          0          0        100   _rserrno.o
        10          0          0          0          0         68   _sputc.o
       220          4        148          0          0         96   bigflt0.o
      1910        128          0          0          0        672   btod.o
        18          0          0          0          0         80   exit.o
         6          0          0          0          0        152   heapauxi.o
         0          0          0          0          0          0   indicate_semi.o
        44         10         28          0          0         76   lc_numeric_c.o
         2          0          0          0          0          0   libinit.o
        22          0          0          0          0          0   libinit2.o
         2          0          0          0          0          0   libshutdown.o
         2          0          0          0          0          0   libshutdown2.o
         8          4          0          0         96         68   libspace.o
        72          0          0          0          0         76   llsdiv.o
       138          0          0          0          0         80   lludiv10.o
       238          0          0          0          0        100   lludivv7m.o
         8          4          0          0          0         68   rt_errno_addr_intlibspace.o
         8          4          0          0          0         68   rt_locale_intlibspace.o
        68          0          0          0          0         68   rt_memclr.o
        78          0          0          0          0         80   rt_memclr_w.o
         2          0          0          0          0          0   rtexit.o
        10          0          0          0          0          0   rtexit2.o
       128          0          0          0          0         68   strcmpv7m.o
        12          4          0          0          0         68   sys_exit.o
        74          0          0          0          0         80   sys_stackheap_outer.o
         2          0          0          0          0         68   use_no_semi.o
        24          0          0          0          0        164   basic.o
        98          4          0          0          0        140   d2f.o
       826         16          0          0          0        492   daddsub_clz.o
        16          4          0          0          0        116   dcheck1.o
        24          0          0          0          0        116   dcmpi.o
       688        140          0          0          0        256   ddiv.o
        46          0          0          0          0        116   dflt_clz.o
       120          4          0          0          0        140   dleqf.o
       340         12          0          0          0        152   dmul.o
       156          4          0          0          0        140   dnaninf.o
        12          0          0          0          0        116   dretinf.o
       108          0          0          0          0        128   drleqf.o
       408         56          0          0          0        168   dsqrt_umaal.o
        86          4          0          0          0        132   f2d.o
       140          4          0          0          0        132   fnaninf.o
        10          0          0          0          0        116   fpinit.o
        10          0          0          0          0        116   fretinf.o
         4          0          0          0          0        116   printf1.o
       100          0          0          0          0        116   retnan.o
        92          0          0          0          0        116   scalbn.o
        48          0          0          0          0        116   trapv.o
         0          0          0          0          0          0   usenofp.o
       164         44          0          0          0        620   dunder.o
        24          0          0          0          0        124   fabs.o
        48          0          0          0          0        124   fpclassify.o
       248          0          0          0          0        152   poly.o
      3152        296        136          0          0        352   pow.o
         0          0          8          0          0          0   qnan.o
       110          0          0          0          0        148   sqrt.o

    ----------------------------------------------------------------------
     12032        786        340          0         96       7568   Library Totals
        24          0          3          0          0          0   (incl. Padding)

    ----------------------------------------------------------------------

      Code (inc. data)   RO Data    RW Data    ZI Data      Debug   Library Name

      4906        198        193          0         96       2844   c_w.l
      3356        248          0          0          0       3204   fz_wm.l
      3746        340        144          0          0       1520   m_wm.l

    ----------------------------------------------------------------------
     12032        786        340          0         96       7568   Library Totals

    ----------------------------------------------------------------------

==============================================================================


      Code (inc. data)   RO Data    RW Data    ZI Data      Debug   

     33352       2372       7792        696      59800     731707   Grand Totals
     33352       2372       7792        268      59800     731707   ELF Image Totals (compressed)
     33352       2372       7792        268          0          0   ROM Totals

==============================================================================

    Total RO  Size (Code + RO Data)                41144 (  40.18kB)
    Total RW  Size (RW Data + ZI Data)             60496 (  59.08kB)
    Total ROM Size (Code + RO Data + RW Data)      41412 (  40.44kB)

==============================================================================

